ARM Linker, 5.03 [Build 76] [MDK-ARM Lite]

==============================================================================

Section Cross References

    main.o(.text) refers to systick.o(.text) for SysTick_Init
    main.o(.text) refers to uart0.o(.text) for UART0_Init
    main.o(.text) refers to mp3.o(.text) for UART1_Init
    main.o(.text) refers to uart5.o(.text) for UART5_Init
    main.o(.text) refers to uart3.o(.text) for UART3_Init
    main.o(.text) refers to lcd.o(.text) for LCD_Init
    main.o(.text) refers to gps.o(.text) for GPSbufferUpdate
    main.o(.text) refers to distance.o(.text) for calculateDistances
    main.o(.text) refers to globalvariables.o(.bss) for GPGGAbuffer
    main.o(.text) refers to globalvariables.o(.data) for numBuildings
    startup_tm4c123.o(RESET) refers to startup_tm4c123.o(STACK) for __initial_sp
    startup_tm4c123.o(RESET) refers to startup_tm4c123.o(.text) for Reset_Handler
    startup_tm4c123.o(.text) refers to entry.o(.ARM.Collect$$$$00000000) for __main
    uart0.o(.text) refers to cdcmple.o(.text) for __aeabi_cdcmple
    uart0.o(.text) refers to dfixi.o(.text) for __aeabi_d2iz
    uart0.o(.text) refers to dflti.o(.text) for __aeabi_i2d
    uart0.o(.text) refers to dadd.o(.text) for __aeabi_drsub
    uart0.o(.text) refers to dmul.o(.text) for __aeabi_dmul
    gps.o(.text) refers to uart5.o(.text) for UART5_read
    gps.o(.text) refers to strcmp.o(.text) for strcmp
    gps.o(.text) refers to strcpy.o(.text) for strcpy
    gps.o(.text) refers to ddiv.o(.text) for __aeabi_ddiv
    gps.o(.text) refers to dfixi.o(.text) for __aeabi_d2iz
    gps.o(.text) refers to dflti.o(.text) for __aeabi_i2d
    gps.o(.text) refers to dmul.o(.text) for __aeabi_dmul
    gps.o(.text) refers to dadd.o(.text) for __aeabi_drsub
    gps.o(.text) refers to uart0.o(.text) for UART0_SendString
    gps.o(.text) refers to strtok.o(.text) for strtok
    gps.o(.text) refers to strtod.o(i.strtod) for strtod
    gps.o(.text) refers to cdcmple.o(.text) for __aeabi_cdcmple
    gps.o(.text) refers to globalvariables.o(.bss) for buffer
    gps.o(.text) refers to globalvariables.o(.data) for buffer6
    lcd.o(.text) refers to systick.o(.text) for DelayMs
    lcd.o(.text) refers to printfa.o(i.__0sprintf) for __2sprintf
    mp3.o(.text) refers to distance.o(.text) for findNearestBuildingIndex
    mp3.o(.text) refers to globalvariables.o(.data) for numBuildings
    distance.o(.text) refers to dmul.o(.text) for __aeabi_dmul
    distance.o(.text) refers to dadd.o(.text) for __aeabi_drsub
    distance.o(.text) refers to ddiv.o(.text) for __aeabi_ddiv
    distance.o(.text) refers to sin.o(i.sin) for sin
    distance.o(.text) refers to cos.o(i.cos) for cos
    distance.o(.text) refers to sqrt.o(i.sqrt) for sqrt
    distance.o(.text) refers to atan2.o(i.atan2) for atan2
    distance.o(.text) refers to printfa.o(i.__0sprintf) for __2sprintf
    distance.o(.text) refers to uart0.o(.text) for UART0_SendString
    distance.o(.text) refers to cdcmple.o(.text) for __aeabi_cdcmple
    distance.o(.text) refers to globalvariables.o(.bss) for distances
    atan2.o(i.__softfp_atan2) refers (Special) to iusefp.o(.text) for __I$use$fp
    atan2.o(i.__softfp_atan2) refers to atan2.o(i.atan2) for atan2
    atan2.o(i.atan2) refers (Special) to iusefp.o(.text) for __I$use$fp
    atan2.o(i.atan2) refers to dadd.o(.text) for __aeabi_dadd
    atan2.o(i.atan2) refers to atan.o(i.atan) for atan
    atan2.o(i.atan2) refers to ddiv.o(.text) for __aeabi_ddiv
    atan2.o(i.atan2) refers to qnan.o(.constdata) for __mathlib_zero
    atan2_x.o(i.____softfp_atan2$lsc) refers (Special) to iusefp.o(.text) for __I$use$fp
    atan2_x.o(i.____softfp_atan2$lsc) refers to atan2_x.o(i.__atan2$lsc) for __atan2$lsc
    atan2_x.o(i.__atan2$lsc) refers (Special) to iusefp.o(.text) for __I$use$fp
    atan2_x.o(i.__atan2$lsc) refers to dadd.o(.text) for __aeabi_dadd
    atan2_x.o(i.__atan2$lsc) refers to atan.o(i.atan) for atan
    atan2_x.o(i.__atan2$lsc) refers to errno.o(i.__set_errno) for __set_errno
    atan2_x.o(i.__atan2$lsc) refers to ddiv.o(.text) for __aeabi_ddiv
    atan2_x.o(i.__atan2$lsc) refers to qnan.o(.constdata) for __mathlib_zero
    cos.o(i.__softfp_cos) refers (Special) to iusefp.o(.text) for __I$use$fp
    cos.o(i.__softfp_cos) refers to cos.o(i.cos) for cos
    cos.o(i.cos) refers (Special) to iusefp.o(.text) for __I$use$fp
    cos.o(i.cos) refers to errno.o(i.__set_errno) for __set_errno
    cos.o(i.cos) refers to ddiv.o(.text) for __aeabi_ddiv
    cos.o(i.cos) refers to dscalb.o(.text) for __ARM_scalbn
    cos.o(i.cos) refers to rred.o(i.__ieee754_rem_pio2) for __ieee754_rem_pio2
    cos.o(i.cos) refers to sin_i.o(i.__kernel_sin) for __kernel_sin
    cos.o(i.cos) refers to cos_i.o(i.__kernel_cos) for __kernel_cos
    cos_x.o(i.____softfp_cos$lsc) refers (Special) to iusefp.o(.text) for __I$use$fp
[...]
    sin.o(i.sin) refers to sin_i.o(i.__kernel_sin) for __kernel_sin
    sin_x.o(i.____softfp_sin$lsc) refers (Special) to iusefp.o(.text) for __I$use$fp
    sin_x.o(i.____softfp_sin$lsc) refers to sin_x.o(i.__sin$lsc) for __sin$lsc
    sin_x.o(i.__sin$lsc) refers (Special) to iusefp.o(.text) for __I$use$fp
    sin_x.o(i.__sin$lsc) refers to errno.o(i.__set_errno) for __set_errno
    sin_x.o(i.__sin$lsc) refers to dscalb.o(.text) for __ARM_scalbn
    sin_x.o(i.__sin$lsc) refers to rred.o(i.__ieee754_rem_pio2) for __ieee754_rem_pio2
    sin_x.o(i.__sin$lsc) refers to cos_i.o(i.__kernel_cos) for __kernel_cos
    sin_x.o(i.__sin$lsc) refers to sin_i.o(i.__kernel_sin) for __kernel_sin
    sqrt.o(i.__softfp_sqrt) refers (Special) to iusefp.o(.text) for __I$use$fp
    sqrt.o(i.__softfp_sqrt) refers to dsqrt.o(.text) for _dsqrt
    sqrt.o(i.__softfp_sqrt) refers to errno.o(i.__set_errno) for __set_errno
    sqrt.o(i.sqrt) refers (Special) to iusefp.o(.text) for __I$use$fp
    sqrt.o(i.sqrt) refers to dsqrt.o(.text) for _dsqrt
    sqrt.o(i.sqrt) refers to errno.o(i.__set_errno) for __set_errno
    sqrt_x.o(i.____softfp_sqrt$lsc) refers (Special) to iusefp.o(.text) for __I$use$fp
    sqrt_x.o(i.____softfp_sqrt$lsc) refers to cdcmple.o(.text) for __aeabi_cdcmple
    sqrt_x.o(i.____softfp_sqrt$lsc) refers to errno.o(i.__set_errno) for __set_errno
    sqrt_x.o(i.____softfp_sqrt$lsc) refers to dsqrt.o(.text) for _dsqrt
    sqrt_x.o(i.__sqrt$lsc) refers (Special) to iusefp.o(.text) for __I$use$fp
    sqrt_x.o(i.__sqrt$lsc) refers to cdcmple.o(.text) for __aeabi_cdcmple
    sqrt_x.o(i.__sqrt$lsc) refers to errno.o(i.__set_errno) for __set_errno
    sqrt_x.o(i.__sqrt$lsc) refers to dsqrt.o(.text) for _dsqrt
    strtod.o(i.__softfp_strtod) refers (Special) to iusefp.o(.text) for __I$use$fp
    strtod.o(i.__softfp_strtod) refers to strtod.o(.text) for __strtod_int
    strtod.o(i.strtod) refers (Special) to iusefp.o(.text) for __I$use$fp
    strtod.o(i.strtod) refers to strtod.o(.text) for __strtod_int
    entry.o(.ARM.Collect$$$$00000000) refers (Special) to entry10a.o(.ARM.Collect$$$$0000000D) for __rt_final_cpp
    entry.o(.ARM.Collect$$$$00000000) refers (Special) to entry11a.o(.ARM.Collect$$$$0000000F) for __rt_final_exit
    entry.o(.ARM.Collect$$$$00000000) refers (Special) to entry7b.o(.ARM.Collect$$$$00000008) for _main_clock
    entry.o(.ARM.Collect$$$$00000000) refers (Special) to entry8b.o(.ARM.Collect$$$$0000000A) for _main_cpp_init
    entry.o(.ARM.Collect$$$$00000000) refers (Special) to entry9a.o(.ARM.Collect$$$$0000000B) for _main_init
    entry.o(.ARM.Collect$$$$00000000) refers (Special) to entry5.o(.ARM.Collect$$$$00000004) for _main_scatterload
    entry.o(.ARM.Collect$$$$00000000) refers (Special) to entry2.o(.ARM.Collect$$$$00000001) for _main_stk
    strtok.o(.text) refers to strtok.o(.data) for .data
    strtok_r.o(.text) refers to strtok_r.o(.data) for .data
    printfb.o(i.__0fprintf$bare) refers to printfb.o(i._printf_core) for _printf_core
    printfb.o(i.__0fprintf$bare) refers to fputc.o(i.fputc) for fputc
    printfb.o(i.__0printf$bare) refers to printfb.o(i._printf_core) for _printf_core
    printfb.o(i.__0printf$bare) refers to fputc.o(i.fputc) for fputc
    printfb.o(i.__0printf$bare) refers to stdout.o(.data) for __stdout
    printfb.o(i.__0snprintf$bare) refers to printfb.o(i._printf_core) for _printf_core
    printfb.o(i.__0snprintf$bare) refers to printfb.o(i._snputc) for _snputc
    printfb.o(i.__0sprintf$bare) refers to printfb.o(i._printf_core) for _printf_core
    printfb.o(i.__0sprintf$bare) refers to printfb.o(i._sputc) for _sputc
    printfb.o(i.__0vfprintf$bare) refers to printfb.o(i._printf_core) for _printf_core
    printfb.o(i.__0vfprintf$bare) refers to fputc.o(i.fputc) for fputc
    printfb.o(i.__0vprintf$bare) refers to printfb.o(i._printf_core) for _printf_core
    printfb.o(i.__0vprintf$bare) refers to fputc.o(i.fputc) for fputc
    printfb.o(i.__0vprintf$bare) refers to stdout.o(.data) for __stdout
    printfb.o(i.__0vsnprintf$bare) refers to printfb.o(i._printf_core) for _printf_core
    printfb.o(i.__0vsnprintf$bare) refers to printfb.o(i._snputc) for _snputc
    printfb.o(i.__0vsprintf$bare) refers to printfb.o(i._printf_core) for _printf_core
    printfb.o(i.__0vsprintf$bare) refers to printfb.o(i._sputc) for _sputc
    printf0.o(i.__0fprintf$0) refers to printf0.o(i._printf_core) for _printf_core
    printf0.o(i.__0fprintf$0) refers to fputc.o(i.fputc) for fputc
    printf0.o(i.__0printf$0) refers to printf0.o(i._printf_core) for _printf_core
    printf0.o(i.__0printf$0) refers to fputc.o(i.fputc) for fputc
    printf0.o(i.__0printf$0) refers to stdout.o(.data) for __stdout
    printf0.o(i.__0snprintf$0) refers to printf0.o(i._printf_core) for _printf_core
    printf0.o(i.__0snprintf$0) refers to printf0.o(i._snputc) for _snputc
    printf0.o(i.__0sprintf$0) refers to printf0.o(i._printf_core) for _printf_core
    printf0.o(i.__0sprintf$0) refers to printf0.o(i._sputc) for _sputc
    printf0.o(i.__0vfprintf$0) refers to printf0.o(i._printf_core) for _printf_core
    printf0.o(i.__0vfprintf$0) refers to fputc.o(i.fputc) for fputc
    printf0.o(i.__0vprintf$0) refers to printf0.o(i._printf_core) for _printf_core
    printf0.o(i.__0vprintf$0) refers to fputc.o(i.fputc) for fputc
    printf0.o(i.__0vprintf$0) refers to stdout.o(.data) for __stdout
    printf0.o(i.__0vsnprintf$0) refers to printf0.o(i._printf_core) for _printf_core
    printf0.o(i.__0vsnprintf$0) refers to printf0.o(i._snputc) for _snputc
    printf0.o(i.__0vsprintf$0) refers to printf0.o(i._printf_core) for _printf_core
    printf0.o(i.__0vsprintf$0) refers to printf0.o(i._sputc) for _sputc
    printf1.o(i.__0fprintf$1) refers to printf1.o(i._printf_core) for _printf_core
    printf1.o(i.__0fprintf$1) refers to fputc.o(i.fputc) for fputc
    printf1.o(i.__0printf$1) refers to printf1.o(i._printf_core) for _printf_core
    printf1.o(i.__0printf$1) refers to fputc.o(i.fputc) for fputc
    printf1.o(i.__0printf$1) refers to stdout.o(.data) for __stdout
    printf1.o(i.__0snprintf$1) refers to printf1.o(i._printf_core) for _printf_core
    printf1.o(i.__0snprintf$1) refers to printf1.o(i._snputc) for _snputc
    printf1.o(i.__0sprintf$1) refers to printf1.o(i._printf_core) for _printf_core
    printf1.o(i.__0sprintf$1) refers to printf1.o(i._sputc) for _sputc
    printf1.o(i.__0vfprintf$1) refers to printf1.o(i._printf_core) for _printf_core
    printf1.o(i.__0vfprintf$1) refers to fputc.o(i.fputc) for fputc
    printf1.o(i.__0vprintf$1) refers to printf1.o(i._printf_core) for _printf_core
    printf1.o(i.__0vprintf$1) refers to fputc.o(i.fputc) for fputc
    printf1.o(i.__0vprintf$1) refers to stdout.o(.data) for __stdout
    printf1.o(i.__0vsnprintf$1) refers to printf1.o(i._printf_core) for _printf_core
    printf1.o(i.__0vsnprintf$1) refers to printf1.o(i._snputc) for _snputc
    printf1.o(i.__0vsprintf$1) refers to printf1.o(i._printf_core) for _printf_core
    printf1.o(i.__0vsprintf$1) refers to printf1.o(i._sputc) for _sputc
    printf1.o(i._printf_core) refers to uidiv.o(.text) for __aeabi_uidivmod
    printf2.o(i.__0fprintf$2) refers to printf2.o(i._printf_core) for _printf_core
    printf2.o(i.__0fprintf$2) refers to fputc.o(i.fputc) for fputc
    printf2.o(i.__0printf$2) refers to printf2.o(i._printf_core) for _printf_core
    printf2.o(i.__0printf$2) refers to fputc.o(i.fputc) for fputc
    printf2.o(i.__0printf$2) refers to stdout.o(.data) for __stdout
    printf2.o(i.__0snprintf$2) refers to printf2.o(i._printf_core) for _printf_core
    printf2.o(i.__0snprintf$2) refers to printf2.o(i._snputc) for _snputc
    printf2.o(i.__0sprintf$2) refers to printf2.o(i._printf_core) for _printf_core
    printf2.o(i.__0sprintf$2) refers to printf2.o(i._sputc) for _sputc
    printf2.o(i.__0vfprintf$2) refers to printf2.o(i._printf_core) for _printf_core
    printf2.o(i.__0vfprintf$2) refers to fputc.o(i.fputc) for fputc
    printf2.o(i.__0vprintf$2) refers to printf2.o(i._printf_core) for _printf_core
    printf2.o(i.__0vprintf$2) refers to fputc.o(i.fputc) for fputc
    printf2.o(i.__0vprintf$2) refers to stdout.o(.data) for __stdout
    printf2.o(i.__0vsnprintf$2) refers to printf2.o(i._printf_core) for _printf_core
    printf2.o(i.__0vsnprintf$2) refers to printf2.o(i._snputc) for _snputc
    printf2.o(i.__0vsprintf$2) refers to printf2.o(i._printf_core) for _printf_core
    printf2.o(i.__0vsprintf$2) refers to printf2.o(i._sputc) for _sputc
    printf3.o(i.__0fprintf$3) refers to printf3.o(i._printf_core) for _printf_core
    printf3.o(i.__0fprintf$3) refers to fputc.o(i.fputc) for fputc
    printf3.o(i.__0printf$3) refers to printf3.o(i._printf_core) for _printf_core
    printf3.o(i.__0printf$3) refers to fputc.o(i.fputc) for fputc
    printf3.o(i.__0printf$3) refers to stdout.o(.data) for __stdout
    printf3.o(i.__0snprintf$3) refers to printf3.o(i._printf_core) for _printf_core
    printf3.o(i.__0snprintf$3) refers to printf3.o(i._snputc) for _snputc
    printf3.o(i.__0sprintf$3) refers to printf3.o(i._printf_core) for _printf_core
    printf3.o(i.__0sprintf$3) refers to printf3.o(i._sputc) for _sputc
    printf3.o(i.__0vfprintf$3) refers to printf3.o(i._printf_core) for _printf_core
    printf3.o(i.__0vfprintf$3) refers to fputc.o(i.fputc) for fputc
    printf3.o(i.__0vprintf$3) refers to printf3.o(i._printf_core) for _printf_core
    printf3.o(i.__0vprintf$3) refers to fputc.o(i.fputc) for fputc
    printf3.o(i.__0vprintf$3) refers to stdout.o(.data) for __stdout
    printf3.o(i.__0vsnprintf$3) refers to printf3.o(i._printf_core) for _printf_core
    printf3.o(i.__0vsnprintf$3) refers to printf3.o(i._snputc) for _snputc
    printf3.o(i.__0vsprintf$3) refers to printf3.o(i._printf_core) for _printf_core
    printf3.o(i.__0vsprintf$3) refers to printf3.o(i._sputc) for _sputc
    printf3.o(i._printf_core) refers to uidiv.o(.text) for __aeabi_uidivmod
    printf4.o(i.__0fprintf$4) refers to printf4.o(i._printf_core) for _printf_core
    printf4.o(i.__0fprintf$4) refers to fputc.o(i.fputc) for fputc
    printf4.o(i.__0printf$4) refers to printf4.o(i._printf_core) for _printf_core
    printf4.o(i.__0printf$4) refers to fputc.o(i.fputc) for fputc
    printf4.o(i.__0printf$4) refers to stdout.o(.data) for __stdout
    printf4.o(i.__0snprintf$4) refers to printf4.o(i._printf_core) for _printf_core
    printf4.o(i.__0snprintf$4) refers to printf4.o(i._snputc) for _snputc
    printf4.o(i.__0sprintf$4) refers to printf4.o(i._printf_core) for _printf_core
    printf4.o(i.__0sprintf$4) refers to printf4.o(i._sputc) for _sputc
    printf4.o(i.__0vfprintf$4) refers to printf4.o(i._printf_core) for _printf_core
    printf4.o(i.__0vfprintf$4) refers to fputc.o(i.fputc) for fputc
    printf4.o(i.__0vprintf$4) refers to printf4.o(i._printf_core) for _printf_core
    printf4.o(i.__0vprintf$4) refers to fputc.o(i.fputc) for fputc
    printf4.o(i.__0vprintf$4) refers to stdout.o(.data) for __stdout
    printf4.o(i.__0vsnprintf$4) refers to printf4.o(i._printf_core) for _printf_core
    printf4.o(i.__0vsnprintf$4) refers to printf4.o(i._snputc) for _snputc
    printf4.o(i.__0vsprintf$4) refers to printf4.o(i._printf_core) for _printf_core
    printf4.o(i.__0vsprintf$4) refers to printf4.o(i._sputc) for _sputc
    printf4.o(i._printf_core) refers to uldiv.o(.text) for __aeabi_uldivmod
    printf5.o(i.__0fprintf$5) refers to printf5.o(i._printf_core) for _printf_core
    printf5.o(i.__0fprintf$5) refers to fputc.o(i.fputc) for fputc
    printf5.o(i.__0printf$5) refers to printf5.o(i._printf_core) for _printf_core
    printf5.o(i.__0printf$5) refers to fputc.o(i.fputc) for fputc
    printf5.o(i.__0printf$5) refers to stdout.o(.data) for __stdout
    printf5.o(i.__0snprintf$5) refers to printf5.o(i._printf_core) for _printf_core
    printf5.o(i.__0snprintf$5) refers to printf5.o(i._snputc) for _snputc
    printf5.o(i.__0sprintf$5) refers to printf5.o(i._printf_core) for _printf_core
    printf5.o(i.__0sprintf$5) refers to printf5.o(i._sputc) for _sputc
    printf5.o(i.__0vfprintf$5) refers to printf5.o(i._printf_core) for _printf_core
    printf5.o(i.__0vfprintf$5) refers to fputc.o(i.fputc) for fputc
    printf5.o(i.__0vprintf$5) refers to printf5.o(i._printf_core) for _printf_core
    printf5.o(i.__0vprintf$5) refers to fputc.o(i.fputc) for fputc
    printf5.o(i.__0vprintf$5) refers to stdout.o(.data) for __stdout
    printf5.o(i.__0vsnprintf$5) refers to printf5.o(i._printf_core) for _printf_core
    printf5.o(i.__0vsnprintf$5) refers to printf5.o(i._snputc) for _snputc
    printf5.o(i.__0vsprintf$5) refers to printf5.o(i._printf_core) for _printf_core
    printf5.o(i.__0vsprintf$5) refers to printf5.o(i._sputc) for _sputc
    printf5.o(i._printf_core) refers to uldiv.o(.text) for __aeabi_uldivmod
    printf6.o(i.__0fprintf$6) refers to printf6.o(i._printf_core) for _printf_core
    printf6.o(i.__0fprintf$6) refers to fputc.o(i.fputc) for fputc
    printf6.o(i.__0printf$6) refers to printf6.o(i._printf_core) for _printf_core
    printf6.o(i.__0printf$6) refers to fputc.o(i.fputc) for fputc
    printf6.o(i.__0printf$6) refers to stdout.o(.data) for __stdout
    printf6.o(i.__0snprintf$6) refers to printf6.o(i._printf_core) for _printf_core
    printf6.o(i.__0snprintf$6) refers to printf6.o(i._snputc) for _snputc
    printf6.o(i.__0sprintf$6) refers to printf6.o(i._printf_core) for _printf_core
    printf6.o(i.__0sprintf$6) refers to printf6.o(i._sputc) for _sputc
    printf6.o(i.__0vfprintf$6) refers to printf6.o(i._printf_core) for _printf_core
    printf6.o(i.__0vfprintf$6) refers to fputc.o(i.fputc) for fputc
    printf6.o(i.__0vprintf$6) refers to printf6.o(i._printf_core) for _printf_core
    printf6.o(i.__0vprintf$6) refers to fputc.o(i.fputc) for fputc
    printf6.o(i.__0vprintf$6) refers to stdout.o(.data) for __stdout
    printf6.o(i.__0vsnprintf$6) refers to printf6.o(i._printf_core) for _printf_core
    printf6.o(i.__0vsnprintf$6) refers to printf6.o(i._snputc) for _snputc
    printf6.o(i.__0vsprintf$6) refers to printf6.o(i._printf_core) for _printf_core
    printf6.o(i.__0vsprintf$6) refers to printf6.o(i._sputc) for _sputc
    printf6.o(i._printf_core) refers to printf6.o(i._printf_pre_padding) for _printf_pre_padding
    printf6.o(i._printf_core) refers to uidiv.o(.text) for __aeabi_uidivmod
    printf6.o(i._printf_core) refers to printf6.o(i._printf_post_padding) for _printf_post_padding
    printf7.o(i.__0fprintf$7) refers to printf7.o(i._printf_core) for _printf_core
    printf7.o(i.__0fprintf$7) refers to fputc.o(i.fputc) for fputc
    printf7.o(i.__0printf$7) refers to printf7.o(i._printf_core) for _printf_core
    printf7.o(i.__0printf$7) refers to fputc.o(i.fputc) for fputc
    printf7.o(i.__0printf$7) refers to stdout.o(.data) for __stdout
    printf7.o(i.__0snprintf$7) refers to printf7.o(i._printf_core) for _printf_core
    printf7.o(i.__0snprintf$7) refers to printf7.o(i._snputc) for _snputc
    printf7.o(i.__0sprintf$7) refers to printf7.o(i._printf_core) for _printf_core
    printf7.o(i.__0sprintf$7) refers to printf7.o(i._sputc) for _sputc
    printf7.o(i.__0vfprintf$7) refers to printf7.o(i._printf_core) for _printf_core
    printf7.o(i.__0vfprintf$7) refers to fputc.o(i.fputc) for fputc
    printf7.o(i.__0vprintf$7) refers to printf7.o(i._printf_core) for _printf_core
    printf7.o(i.__0vprintf$7) refers to fputc.o(i.fputc) for fputc
    printf7.o(i.__0vprintf$7) refers to stdout.o(.data) for __stdout
    printf7.o(i.__0vsnprintf$7) refers to printf7.o(i._printf_core) for _printf_core
    printf7.o(i.__0vsnprintf$7) refers to printf7.o(i._snputc) for _snputc
    printf7.o(i.__0vsprintf$7) refers to printf7.o(i._printf_core) for _printf_core
    printf7.o(i.__0vsprintf$7) refers to printf7.o(i._sputc) for _sputc
    printf7.o(i._printf_core) refers to printf7.o(i._printf_pre_padding) for _printf_pre_padding
    printf7.o(i._printf_core) refers to uldiv.o(.text) for __aeabi_uldivmod
    printf7.o(i._printf_core) refers to printf7.o(i._printf_post_padding) for _printf_post_padding
    printf8.o(i.__0fprintf$8) refers to printf8.o(i._printf_core) for _printf_core
    printf8.o(i.__0fprintf$8) refers to fputc.o(i.fputc) for fputc
    printf8.o(i.__0printf$8) refers to printf8.o(i._printf_core) for _printf_core
    printf8.o(i.__0printf$8) refers to fputc.o(i.fputc) for fputc
    printf8.o(i.__0printf$8) refers to stdout.o(.data) for __stdout
    printf8.o(i.__0snprintf$8) refers to printf8.o(i._printf_core) for _printf_core
    printf8.o(i.__0snprintf$8) refers to printf8.o(i._snputc) for _snputc
    printf8.o(i.__0sprintf$8) refers to printf8.o(i._printf_core) for _printf_core
    printf8.o(i.__0sprintf$8) refers to printf8.o(i._sputc) for _sputc
    printf8.o(i.__0vfprintf$8) refers to printf8.o(i._printf_core) for _printf_core
    printf8.o(i.__0vfprintf$8) refers to fputc.o(i.fputc) for fputc
    printf8.o(i.__0vprintf$8) refers to printf8.o(i._printf_core) for _printf_core
    printf8.o(i.__0vprintf$8) refers to fputc.o(i.fputc) for fputc
    printf8.o(i.__0vprintf$8) refers to stdout.o(.data) for __stdout
    printf8.o(i.__0vsnprintf$8) refers to printf8.o(i._printf_core) for _printf_core
    printf8.o(i.__0vsnprintf$8) refers to printf8.o(i._snputc) for _snputc
    printf8.o(i.__0vsprintf$8) refers to printf8.o(i._printf_core) for _printf_core
    printf8.o(i.__0vsprintf$8) refers to printf8.o(i._sputc) for _sputc
    printf8.o(i._printf_core) refers to printf8.o(i._printf_pre_padding) for _printf_pre_padding
    printf8.o(i._printf_core) refers to uldiv.o(.text) for __aeabi_uldivmod
    printf8.o(i._printf_core) refers to printf8.o(i._printf_post_padding) for _printf_post_padding
    printfa.o(i.__0fprintf) refers (Special) to iusefp.o(.text) for __I$use$fp
    printfa.o(i.__0fprintf) refers to printfa.o(i._printf_core) for _printf_core
    printfa.o(i.__0fprintf) refers to fputc.o(i.fputc) for fputc
    printfa.o(i.__0printf) refers (Special) to iusefp.o(.text) for __I$use$fp
    printfa.o(i.__0printf) refers to printfa.o(i._printf_core) for _printf_core
    printfa.o(i.__0printf) refers to fputc.o(i.fputc) for fputc
    printfa.o(i.__0printf) refers to stdout.o(.data) for __stdout
    printfa.o(i.__0snprintf) refers (Special) to iusefp.o(.text) for __I$use$fp
    printfa.o(i.__0snprintf) refers to printfa.o(i._printf_core) for _printf_core
    printfa.o(i.__0snprintf) refers to printfa.o(i._snputc) for _snputc
    printfa.o(i.__0sprintf) refers (Special) to iusefp.o(.text) for __I$use$fp
    printfa.o(i.__0sprintf) refers to printfa.o(i._printf_core) for _printf_core
    printfa.o(i.__0sprintf) refers to printfa.o(i._sputc) for _sputc
    printfa.o(i.__0vfprintf) refers (Special) to iusefp.o(.text) for __I$use$fp
    printfa.o(i.__0vfprintf) refers to printfa.o(i._printf_core) for _printf_core
    printfa.o(i.__0vfprintf) refers to fputc.o(i.fputc) for fputc
    printfa.o(i.__0vprintf) refers (Special) to iusefp.o(.text) for __I$use$fp
    printfa.o(i.__0vprintf) refers to printfa.o(i._printf_core) for _printf_core
    printfa.o(i.__0vprintf) refers to fputc.o(i.fputc) for fputc
    printfa.o(i.__0vprintf) refers to stdout.o(.data) for __stdout
    printfa.o(i.__0vsnprintf) refers (Special) to iusefp.o(.text) for __I$use$fp
    printfa.o(i.__0vsnprintf) refers to printfa.o(i._printf_core) for _printf_core
    printfa.o(i.__0vsnprintf) refers to printfa.o(i._snputc) for _snputc
    printfa.o(i.__0vsprintf) refers (Special) to iusefp.o(.text) for __I$use$fp
    printfa.o(i.__0vsprintf) refers to printfa.o(i._printf_core) for _printf_core
    printfa.o(i.__0vsprintf) refers to printfa.o(i._sputc) for _sputc
    printfa.o(i._fp_digits) refers (Special) to iusefp.o(.text) for __I$use$fp
    printfa.o(i._fp_digits) refers to dmul.o(.text) for __aeabi_dmul
    printfa.o(i._fp_digits) refers to ddiv.o(.text) for __aeabi_ddiv
    printfa.o(i._fp_digits) refers to cdrcmple.o(.text) for __aeabi_cdrcmple
    printfa.o(i._fp_digits) refers to dadd.o(.text) for __aeabi_dadd
    printfa.o(i._fp_digits) refers to dfixul.o(.text) for __aeabi_d2ulz
    printfa.o(i._fp_digits) refers to uldiv.o(.text) for __aeabi_uldivmod
    printfa.o(i._printf_core) refers (Special) to iusefp.o(.text) for __I$use$fp
    printfa.o(i._printf_core) refers to printfa.o(i._printf_pre_padding) for _printf_pre_padding
    printfa.o(i._printf_core) refers to uldiv.o(.text) for __aeabi_uldivmod
    printfa.o(i._printf_core) refers to printfa.o(i._printf_post_padding) for _printf_post_padding
    printfa.o(i._printf_core) refers to printfa.o(i._fp_digits) for _fp_digits
    printfa.o(i._printf_core) refers to uidiv.o(.text) for __aeabi_uidivmod
    printfa.o(i._printf_post_padding) refers (Special) to iusefp.o(.text) for __I$use$fp
    printfa.o(i._printf_pre_padding) refers (Special) to iusefp.o(.text) for __I$use$fp
    printfa.o(i._snputc) refers (Special) to iusefp.o(.text) for __I$use$fp
    printfa.o(i._sputc) refers (Special) to iusefp.o(.text) for __I$use$fp
    dadd.o(.text) refers (Special) to iusefp.o(.text) for __I$use$fp
    dadd.o(.text) refers to llshl.o(.text) for __aeabi_llsl
    dadd.o(.text) refers to llsshr.o(.text) for __aeabi_lasr
    dadd.o(.text) refers to depilogue.o(.text) for _double_epilogue
    dmul.o(.text) refers (Special) to iusefp.o(.text) for __I$use$fp
    dmul.o(.text) refers to depilogue.o(.text) for _double_epilogue
    ddiv.o(.text) refers (Special) to iusefp.o(.text) for __I$use$fp
    ddiv.o(.text) refers to depilogue.o(.text) for _double_round
    dflti.o(.text) refers (Special) to iusefp.o(.text) for __I$use$fp
    dflti.o(.text) refers to depilogue.o(.text) for _double_epilogue
    dfixi.o(.text) refers (Special) to iusefp.o(.text) for __I$use$fp
    dfixi.o(.text) refers to llushr.o(.text) for __aeabi_llsr
    cdcmple.o(.text) refers (Special) to iusefp.o(.text) for __I$use$fp
    atan.o(i.__softfp_atan) refers (Special) to iusefp.o(.text) for __I$use$fp
    atan.o(i.__softfp_atan) refers to atan.o(i.atan) for atan
    atan.o(i.atan) refers (Special) to iusefp.o(.text) for __I$use$fp
    atan.o(i.atan) refers to dscalb.o(.text) for __ARM_scalbn
    atan.o(i.atan) refers to fpclassify.o(i.__ARM_fpclassify) for __ARM_fpclassify
    atan.o(i.atan) refers to dunder.o(i.__mathlib_dbl_underflow) for __mathlib_dbl_underflow
    atan.o(i.atan) refers to dadd.o(.text) for __aeabi_dadd
    atan.o(i.atan) refers to ddiv.o(.text) for __aeabi_ddiv
    atan.o(i.atan) refers to dmul.o(.text) for __aeabi_dmul
    atan.o(i.atan) refers to poly.o(i.__kernel_poly) for __kernel_poly
    atan.o(i.atan) refers to atan.o(.constdata) for .constdata
    atan.o(.constdata) refers (Special) to iusefp.o(.text) for __I$use$fp
    atan_x.o(i.____softfp_atan$lsc) refers (Special) to iusefp.o(.text) for __I$use$fp
    atan_x.o(i.____softfp_atan$lsc) refers to atan_x.o(i.__atan$lsc) for __atan$lsc
    atan_x.o(i.__atan$lsc) refers (Special) to iusefp.o(.text) for __I$use$fp
    atan_x.o(i.__atan$lsc) refers to dscalb.o(.text) for __ARM_scalbn
    atan_x.o(i.__atan$lsc) refers to dadd.o(.text) for __aeabi_dadd
    atan_x.o(i.__atan$lsc) refers to ddiv.o(.text) for __aeabi_ddiv
    atan_x.o(i.__atan$lsc) refers to dmul.o(.text) for __aeabi_dmul
    atan_x.o(i.__atan$lsc) refers to poly.o(i.__kernel_poly) for __kernel_poly
    atan_x.o(i.__atan$lsc) refers to atan_x.o(.constdata) for .constdata
    atan_x.o(.constdata) refers (Special) to iusefp.o(.text) for __I$use$fp
    cos_i.o(i.__kernel_cos) refers (Special) to iusefp.o(.text) for __I$use$fp
    cos_i.o(i.__kernel_cos) refers to dfixi.o(.text) for __aeabi_d2iz
    cos_i.o(i.__kernel_cos) refers to dmul.o(.text) for __aeabi_dmul
    cos_i.o(i.__kernel_cos) refers to poly.o(i.__kernel_poly) for __kernel_poly
    cos_i.o(i.__kernel_cos) refers to dadd.o(.text) for __aeabi_dsub
    cos_i.o(i.__kernel_cos) refers to dscalb.o(.text) for __ARM_scalbn
    cos_i.o(i.__kernel_cos) refers to cos_i.o(.constdata) for .constdata
    cos_i.o(.constdata) refers (Special) to iusefp.o(.text) for __I$use$fp
    qnan.o(.constdata) refers (Special) to iusefp.o(.text) for __I$use$fp
    rred.o(i.__ieee754_rem_pio2) refers (Special) to iusefp.o(.text) for __I$use$fp
    rred.o(i.__ieee754_rem_pio2) refers to dadd.o(.text) for __aeabi_dsub
    rred.o(i.__ieee754_rem_pio2) refers to dmul.o(.text) for __aeabi_dmul
    rred.o(i.__ieee754_rem_pio2) refers to dfixi.o(.text) for __aeabi_d2iz
    rred.o(i.__ieee754_rem_pio2) refers to dflti.o(.text) for __aeabi_i2d
    rred.o(i.__ieee754_rem_pio2) refers to dfltui.o(.text) for __aeabi_ui2d
    rred.o(i.__ieee754_rem_pio2) refers to dscalb.o(.text) for __ARM_scalbn
    rred.o(i.__ieee754_rem_pio2) refers to rred.o(.constdata) for .constdata
    rred.o(i.__use_accurate_range_reduction) refers (Special) to iusefp.o(.text) for __I$use$fp
    rred.o(.constdata) refers (Special) to iusefp.o(.text) for __I$use$fp
    sin_i.o(i.__kernel_sin) refers (Special) to iusefp.o(.text) for __I$use$fp
    sin_i.o(i.__kernel_sin) refers to fpclassify.o(i.__ARM_fpclassify) for __ARM_fpclassify
    sin_i.o(i.__kernel_sin) refers to dunder.o(i.__mathlib_dbl_underflow) for __mathlib_dbl_underflow
    sin_i.o(i.__kernel_sin) refers to dmul.o(.text) for __aeabi_dmul
    sin_i.o(i.__kernel_sin) refers to poly.o(i.__kernel_poly) for __kernel_poly
    sin_i.o(i.__kernel_sin) refers to dscalb.o(.text) for __ARM_scalbn
    sin_i.o(i.__kernel_sin) refers to dadd.o(.text) for __aeabi_dsub
    sin_i.o(i.__kernel_sin) refers to sin_i.o(.constdata) for .constdata
    sin_i.o(.constdata) refers (Special) to iusefp.o(.text) for __I$use$fp
    sin_i_x.o(i.____kernel_sin$lsc) refers (Special) to iusefp.o(.text) for __I$use$fp
    sin_i_x.o(i.____kernel_sin$lsc) refers to dmul.o(.text) for __aeabi_dmul
    sin_i_x.o(i.____kernel_sin$lsc) refers to poly.o(i.__kernel_poly) for __kernel_poly
    sin_i_x.o(i.____kernel_sin$lsc) refers to dscalb.o(.text) for __ARM_scalbn
    sin_i_x.o(i.____kernel_sin$lsc) refers to dadd.o(.text) for __aeabi_dsub
    sin_i_x.o(i.____kernel_sin$lsc) refers to sin_i_x.o(.constdata) for .constdata
    sin_i_x.o(.constdata) refers (Special) to iusefp.o(.text) for __I$use$fp
    entry2.o(.ARM.Collect$$$$00000001) refers to entry2.o(.ARM.Collect$$$$00002712) for __lit__00000000
    entry2.o(.ARM.Collect$$$$00002712) refers to startup_tm4c123.o(STACK) for __initial_sp
    entry2.o(__vectab_stack_and_reset_area) refers to startup_tm4c123.o(STACK) for __initial_sp
    entry2.o(__vectab_stack_and_reset_area) refers to entry.o(.ARM.Collect$$$$00000000) for __main
    entry5.o(.ARM.Collect$$$$00000004) refers to init.o(.text) for __scatterload
    entry9a.o(.ARM.Collect$$$$0000000B) refers to main.o(.text) for main
    entry9b.o(.ARM.Collect$$$$0000000C) refers to main.o(.text) for main
    fputc.o(i.fputc) refers (Special) to iusesemip.o(.text) for __I$use$semihosting$fputc
    fputc.o(i.fputc) refers (Special) to semi.o(.text) for __semihosting_library_function
    uldiv.o(.text) refers to llushr.o(.text) for __aeabi_llsr
    uldiv.o(.text) refers to llshl.o(.text) for __aeabi_llsl
    errno.o(i.__aeabi_errno_addr) refers to errno.o(.data) for .data
    errno.o(i.__read_errno) refers to errno.o(.data) for .data
    errno.o(i.__set_errno) refers to errno.o(.data) for .data
    strtod.o(.text) refers to scanf_fp.o(.text) for _scanf_real
    strtod.o(.text) refers to _sgetc.o(.text) for _sgetc
    strtod.o(.text) refers to isspace_c.o(.text) for isspace
    depilogue.o(.text) refers to llshl.o(.text) for __aeabi_llsl
    depilogue.o(.text) refers to llushr.o(.text) for __aeabi_llsr
    dsqrt.o(.text) refers to llushr.o(.text) for __aeabi_llsr
    dsqrt.o(.text) refers to depilogue.o(.text) for _double_round
    dfixul.o(.text) refers to llushr.o(.text) for __aeabi_llsr
    dfixul.o(.text) refers to llshl.o(.text) for __aeabi_llsl
    dunder.o(i.__mathlib_dbl_underflow) refers to dscalb.o(.text) for __ARM_scalbn
    fpclassify.o(i.__ARM_fpclassify) refers (Special) to iusefp.o(.text) for __I$use$fp
    poly.o(i.__kernel_poly) refers (Special) to iusefp.o(.text) for __I$use$fp
    poly.o(i.__kernel_poly) refers to dmul.o(.text) for __aeabi_dmul
    poly.o(i.__kernel_poly) refers to dadd.o(.text) for __aeabi_dadd
    init.o(.text) refers to entry5.o(.ARM.Collect$$$$00000004) for __main_after_scatterload
    isspace_c.o(.text) refers to ctype_c.o(.text) for __ctype_lookup
    scanf_fp.o(.text) refers (Special) to iusefp.o(.text) for __I$use$fp
    scanf_fp.o(.text) refers to dfltul.o(.text) for __aeabi_ul2d
    scanf_fp.o(.text) refers to dmul.o(.text) for __aeabi_dmul
    scanf_fp.o(.text) refers to ddiv.o(.text) for __aeabi_ddiv
    scanf_fp.o(.text) refers to scanf_fp.o(i._is_digit) for _is_digit
    scanf_fp.o(.text) refers to d2f.o(.text) for __aeabi_d2f
    dfltui.o(.text) refers to depilogue.o(.text) for _double_epilogue
    ctype_c.o(.text) refers to ctype_c.o(.constdata) for .constdata
    dfltul.o(.text) refers to depilogue.o(.text) for _double_epilogue
    d2f.o(.text) refers to fepilogue.o(.text) for _float_round
    scanf_fp.o(i._is_digit) refers (Special) to iusefp.o(.text) for __I$use$fp


==============================================================================

Removing Unused input sections from the image.

    Removing startup_tm4c123.o(HEAP), (0 bytes).

1 unused section(s) (total 0 bytes) removed from the image.

==============================================================================

Image Symbol Table

    Local Symbols

    Symbol Name                              Value     Ov Type        Size  Object(Section)

    RESET                                    0x00000000   Section      620  startup_tm4c123.o(RESET)
    ../clib/../cmprslib/zerorunl2.c          0x00000000   Number         0  __dczerorl2.o ABSOLUTE
    ../clib/microlib/ctype/ctype.c           0x00000000   Number         0  ctype_c.o ABSOLUTE
    ../clib/microlib/ctype/ctype.c           0x00000000   Number         0  isspace_c.o ABSOLUTE
    ../clib/microlib/division.c              0x00000000   Number         0  uldiv.o ABSOLUTE
    ../clib/microlib/division.c              0x00000000   Number         0  uidiv.o ABSOLUTE
    ../clib/microlib/errno.c                 0x00000000   Number         0  errno.o ABSOLUTE
    ../clib/microlib/init/entry.s            0x00000000   Number         0  entry10b.o ABSOLUTE
    ../clib/microlib/init/entry.s            0x00000000   Number         0  entry11a.o ABSOLUTE
    ../clib/microlib/init/entry.s            0x00000000   Number         0  entry11b.o ABSOLUTE
    ../clib/microlib/init/entry.s            0x00000000   Number         0  entry2.o ABSOLUTE
    ../clib/microlib/init/entry.s            0x00000000   Number         0  entry5.o ABSOLUTE
    ../clib/microlib/init/entry.s            0x00000000   Number         0  entry7a.o ABSOLUTE
    ../clib/microlib/init/entry.s            0x00000000   Number         0  entry7b.o ABSOLUTE
    ../clib/microlib/init/entry.s            0x00000000   Number         0  entry8a.o ABSOLUTE
    ../clib/microlib/init/entry.s            0x00000000   Number         0  entry8b.o ABSOLUTE
    ../clib/microlib/init/entry.s            0x00000000   Number         0  entry.o ABSOLUTE
    ../clib/microlib/init/entry.s            0x00000000   Number         0  entry9a.o ABSOLUTE
    ../clib/microlib/init/entry.s            0x00000000   Number         0  entry10a.o ABSOLUTE
    ../clib/microlib/init/entry.s            0x00000000   Number         0  entry9b.o ABSOLUTE
    ../clib/microlib/longlong.c              0x00000000   Number         0  llsshr.o ABSOLUTE
    ../clib/microlib/longlong.c              0x00000000   Number         0  llushr.o ABSOLUTE
    ../clib/microlib/longlong.c              0x00000000   Number         0  llshl.o ABSOLUTE
    ../clib/microlib/printf/printf.c         0x00000000   Number         0  printf3.o ABSOLUTE
    ../clib/microlib/printf/printf.c         0x00000000   Number         0  printf4.o ABSOLUTE
    ../clib/microlib/printf/printf.c         0x00000000   Number         0  printf5.o ABSOLUTE
    ../clib/microlib/printf/printf.c         0x00000000   Number         0  printf6.o ABSOLUTE
    ../clib/microlib/printf/printf.c         0x00000000   Number         0  printf7.o ABSOLUTE
    ../clib/microlib/printf/printf.c         0x00000000   Number         0  printf8.o ABSOLUTE
    ../clib/microlib/printf/printf.c         0x00000000   Number         0  printfa.o ABSOLUTE
    ../clib/microlib/printf/printf.c         0x00000000   Number         0  printfb.o ABSOLUTE
    ../clib/microlib/printf/printf.c         0x00000000   Number         0  printf0.o ABSOLUTE
    ../clib/microlib/printf/printf.c         0x00000000   Number         0  printf1.o ABSOLUTE
    ../clib/microlib/printf/printf.c         0x00000000   Number         0  printf2.o ABSOLUTE
    ../clib/microlib/printf/stubs.s          0x00000000   Number         0  stubs.o ABSOLUTE
    ../clib/microlib/stdio/fputc.c           0x00000000   Number         0  fputc.o ABSOLUTE
    ../clib/microlib/stdio/semi.s            0x00000000   Number         0  semi.o ABSOLUTE
    ../clib/microlib/stdio/streams.c         0x00000000   Number         0  stdout.o ABSOLUTE
    ../clib/microlib/string/strcmp.c         0x00000000   Number         0  strcmp.o ABSOLUTE
    ../clib/microlib/string/strcpy.c         0x00000000   Number         0  strcpy.o ABSOLUTE
    ../clib/microlib/string/strtok.c         0x00000000   Number         0  strtok_r.o ABSOLUTE
    ../clib/microlib/string/strtok.c         0x00000000   Number         0  strtok.o ABSOLUTE
    ../clib/microlib/stubs.s                 0x00000000   Number         0  iusesemip.o ABSOLUTE
    ../clib/microlib/stubs.s                 0x00000000   Number         0  iusefp.o ABSOLUTE
    ../clib/scanf.c                          0x00000000   Number         0  strtod.o ABSOLUTE
    ../clib/scanf.c                          0x00000000   Number         0  _sgetc.o ABSOLUTE
    ../clib/scanf.c                          0x00000000   Number         0  scanf_fp.o ABSOLUTE
    ../fplib/microlib/d2f.c                  0x00000000   Number         0  d2f.o ABSOLUTE
    ../fplib/microlib/fpadd.c                0x00000000   Number         0  dadd.o ABSOLUTE
    ../fplib/microlib/fpdiv.c                0x00000000   Number         0  ddiv.o ABSOLUTE
    ../fplib/microlib/fpepilogue.c           0x00000000   Number         0  depilogue.o ABSOLUTE
    ../fplib/microlib/fpepilogue.c           0x00000000   Number         0  fepilogue.o ABSOLUTE
    ../fplib/microlib/fpfix.c                0x00000000   Number         0  dfixi.o ABSOLUTE
    ../fplib/microlib/fpfix.c                0x00000000   Number         0  dfixul.o ABSOLUTE
    ../fplib/microlib/fpflt.c                0x00000000   Number         0  dflti.o ABSOLUTE
    ../fplib/microlib/fpflt.c                0x00000000   Number         0  dfltul.o ABSOLUTE
    ../fplib/microlib/fpflt.c                0x00000000   Number         0  dfltui.o ABSOLUTE
    ../fplib/microlib/fpmul.c                0x00000000   Number         0  dmul.o ABSOLUTE
    ../fplib/microlib/fpscalb.c              0x00000000   Number         0  dscalb.o ABSOLUTE
    ../fplib/microlib/fpsqrt.c               0x00000000   Number         0  dsqrt.o ABSOLUTE
    ../mathlib/atan.c                        0x00000000   Number         0  atan_x.o ABSOLUTE
    ../mathlib/atan.c                        0x00000000   Number         0  atan.o ABSOLUTE
    ../mathlib/atan2.c                       0x00000000   Number         0  atan2_x.o ABSOLUTE
    ../mathlib/atan2.c                       0x00000000   Number         0  atan2.o ABSOLUTE
    ../mathlib/cos.c                         0x00000000   Number         0  cos.o ABSOLUTE
    ../mathlib/cos.c                         0x00000000   Number         0  cos_x.o ABSOLUTE
    ../mathlib/cos_i.c                       0x00000000   Number         0  cos_i.o ABSOLUTE
    ../mathlib/dunder.c                      0x00000000   Number         0  dunder.o ABSOLUTE
    ../mathlib/fpclassify.c                  0x00000000   Number         0  fpclassify.o ABSOLUTE
    ../mathlib/poly.c                        0x00000000   Number         0  poly.o ABSOLUTE
    ../mathlib/qnan.c                        0x00000000   Number         0  qnan.o ABSOLUTE
    ../mathlib/rred.c                        0x00000000   Number         0  rred.o ABSOLUTE
    ../mathlib/sin.c                         0x00000000   Number         0  sin_x.o ABSOLUTE
    ../mathlib/sin.c                         0x00000000   Number         0  sin.o ABSOLUTE
    ../mathlib/sin_i.c                       0x00000000   Number         0  sin_i_x.o ABSOLUTE
    ../mathlib/sin_i.c                       0x00000000   Number         0  sin_i.o ABSOLUTE
    ../mathlib/sqrt.c                        0x00000000   Number         0  sqrt.o ABSOLUTE
    ../mathlib/sqrt.c                        0x00000000   Number         0  sqrt_x.o ABSOLUTE
    ../mathlib/strtod.c                      0x00000000   Number         0  strtod.o ABSOLUTE
    cdcmple.s                                0x00000000   Number         0  cdcmple.o ABSOLUTE
    cdrcmple.s                               0x00000000   Number         0  cdrcmple.o ABSOLUTE
    dc.s                                     0x00000000   Number         0  dc.o ABSOLUTE
    distance.c                               0x00000000   Number         0  distance.o ABSOLUTE
    globalVariables.c                        0x00000000   Number         0  globalvariables.o ABSOLUTE
    gps.c                                    0x00000000   Number         0  gps.o ABSOLUTE
    handlers.s                               0x00000000   Number         0  handlers.o ABSOLUTE
    init.s                                   0x00000000   Number         0  init.o ABSOLUTE
    lcd.c                                    0x00000000   Number         0  lcd.o ABSOLUTE
    main.c                                   0x00000000   Number         0  main.o ABSOLUTE
    mp3.c                                    0x00000000   Number         0  mp3.o ABSOLUTE
    portf.c                                  0x00000000   Number         0  portf.o ABSOLUTE
    startup_TM4C123.s                        0x00000000   Number         0  startup_tm4c123.o ABSOLUTE
    systick.c                                0x00000000   Number         0  systick.o ABSOLUTE
    uart0.c                                  0x00000000   Number         0  uart0.o ABSOLUTE
    uart3.c                                  0x00000000   Number         0  uart3.o ABSOLUTE
    uart5.c                                  0x00000000   Number         0  uart5.o ABSOLUTE
    .ARM.Collect$$$$00000000                 0x0000026c   Section        0  entry.o(.ARM.Collect$$$$00000000)
    .ARM.Collect$$$$00000001                 0x0000026c   Section        4  entry2.o(.ARM.Collect$$$$00000001)
    .ARM.Collect$$$$00000004                 0x00000270   Section        4  entry5.o(.ARM.Collect$$$$00000004)
    .ARM.Collect$$$$00000008                 0x00000274   Section        0  entry7b.o(.ARM.Collect$$$$00000008)
    .ARM.Collect$$$$0000000A                 0x00000274   Section        0  entry8b.o(.ARM.Collect$$$$0000000A)
    .ARM.Collect$$$$0000000B                 0x00000274   Section        8  entry9a.o(.ARM.Collect$$$$0000000B)
    .ARM.Collect$$$$0000000D                 0x0000027c   Section        0  entry10a.o(.ARM.Collect$$$$0000000D)
    .ARM.Collect$$$$0000000F                 0x0000027c   Section        0  entry11a.o(.ARM.Collect$$$$0000000F)
    .ARM.Collect$$$$00002712                 0x0000027c   Section        4  entry2.o(.ARM.Collect$$$$00002712)
    __lit__00000000                          0x0000027c   Data           4  entry2.o(.ARM.Collect$$$$00002712)
    .text                                    0x00000280   Section        0  main.o(.text)
    .text                                    0x0000032c   Section      244  startup_tm4c123.o(.text)
    .text                                    0x00000420   Section        0  uart0.o(.text)
    .text                                    0x000005c0   Section        0  uart5.o(.text)
    .text                                    0x00000690   Section        0  gps.o(.text)
    .text                                    0x00000984   Section        0  uart3.o(.text)
    .text                                    0x00000a44   Section        0  lcd.o(.text)
    .text                                    0x00000cb8   Section        0  mp3.o(.text)
    .text                                    0x00000de8   Section        0  systick.o(.text)
    .text                                    0x00000e1c   Section        0  distance.o(.text)
    .text                                    0x0000107c   Section        0  strcmp.o(.text)
    .text                                    0x00001098   Section        0  strcpy.o(.text)
    .text                                    0x000010ac   Section        0  strtok.o(.text)
    .text                                    0x000010f0   Section        0  dadd.o(.text)
    .text                                    0x0000123e   Section        0  dmul.o(.text)
    .text                                    0x00001322   Section        0  ddiv.o(.text)
    .text                                    0x00001400   Section        0  dflti.o(.text)
    .text                                    0x00001422   Section        0  dfixi.o(.text)
    .text                                    0x00001460   Section       40  cdcmple.o(.text)
    .text                                    0x00001488   Section        0  uidiv.o(.text)
    .text                                    0x000014b4   Section        0  uldiv.o(.text)
    .text                                    0x00001516   Section        0  llshl.o(.text)
    .text                                    0x00001534   Section        0  llushr.o(.text)
    .text                                    0x00001554   Section        0  llsshr.o(.text)
    .text                                    0x00001578   Section        0  strtod.o(.text)
    _local_sscanf                            0x00001579   Thumb Code    54  strtod.o(.text)
    .text                                    0x00001614   Section        0  depilogue.o(.text)
    .text                                    0x00001614   Section        0  iusefp.o(.text)
    .text                                    0x000016d2   Section        0  dscalb.o(.text)
    .text                                    0x00001700   Section        0  dsqrt.o(.text)
    .text                                    0x000017a2   Section        0  dfixul.o(.text)
    .text                                    0x000017d4   Section       40  cdrcmple.o(.text)
    .text                                    0x000017fc   Section       36  init.o(.text)
    .text                                    0x00001820   Section        0  isspace_c.o(.text)
    .text                                    0x0000182c   Section        0  scanf_fp.o(.text)
    _fp_value                                0x0000182d   Thumb Code   256  scanf_fp.o(.text)
    .text                                    0x00001b68   Section        0  _sgetc.o(.text)
    .text                                    0x00001ba8   Section        0  dfltui.o(.text)
    .text                                    0x00001bc4   Section        0  ctype_c.o(.text)
    .text                                    0x00001bec   Section        0  dfltul.o(.text)
    .text                                    0x00001c04   Section        0  d2f.o(.text)
    .text                                    0x00001c3c   Section        0  fepilogue.o(.text)
    .text                                    0x00001ca8   Section        0  __dczerorl2.o(.text)
    i.__0sprintf                             0x00001d04   Section        0  printfa.o(i.__0sprintf)
    i.__ARM_fpclassify                       0x00001d2c   Section        0  fpclassify.o(i.__ARM_fpclassify)
    i.__ieee754_rem_pio2                     0x00001d54   Section        0  rred.o(i.__ieee754_rem_pio2)
    i.__kernel_cos                           0x000020dc   Section        0  cos_i.o(i.__kernel_cos)
    i.__kernel_poly                          0x000021d8   Section        0  poly.o(i.__kernel_poly)
    i.__kernel_sin                           0x00002284   Section        0  sin_i.o(i.__kernel_sin)
    i.__mathlib_dbl_underflow                0x00002370   Section        0  dunder.o(i.__mathlib_dbl_underflow)
    i.__scatterload_copy                     0x00002380   Section       14  handlers.o(i.__scatterload_copy)
    i.__scatterload_null                     0x0000238e   Section        2  handlers.o(i.__scatterload_null)
    i.__scatterload_zeroinit                 0x00002390   Section       14  handlers.o(i.__scatterload_zeroinit)
    i.__set_errno                            0x000023a0   Section        0  errno.o(i.__set_errno)
    i._fp_digits                             0x000023ac   Section        0  printfa.o(i._fp_digits)
    _fp_digits                               0x000023ad   Thumb Code   326  printfa.o(i._fp_digits)
    i._is_digit                              0x00002508   Section        0  scanf_fp.o(i._is_digit)
    i._printf_core                           0x00002518   Section        0  printfa.o(i._printf_core)
    _printf_core                             0x00002519   Thumb Code  1762  printfa.o(i._printf_core)
    i._printf_post_padding                   0x00002c08   Section        0  printfa.o(i._printf_post_padding)
    _printf_post_padding                     0x00002c09   Thumb Code    38  printfa.o(i._printf_post_padding)
    i._printf_pre_padding                    0x00002c2e   Section        0  printfa.o(i._printf_pre_padding)
    _printf_pre_padding                      0x00002c2f   Thumb Code    48  printfa.o(i._printf_pre_padding)
    i._sputc                                 0x00002c5e   Section        0  printfa.o(i._sputc)
    _sputc                                   0x00002c5f   Thumb Code    10  printfa.o(i._sputc)
    i.atan                                   0x00002c68   Section        0  atan.o(i.atan)
    i.atan2                                  0x00002e8c   Section        0  atan2.o(i.atan2)
    i.cos                                    0x0000300c   Section        0  cos.o(i.cos)
    i.sin                                    0x000030b8   Section        0  sin.o(i.sin)
    i.sqrt                                   0x00003168   Section        0  sqrt.o(i.sqrt)
    i.strtod                                 0x000031b4   Section        0  strtod.o(i.strtod)
    .constdata                               0x000031d0   Section      152  atan.o(.constdata)
    atanhi                                   0x000031d0   Data          32  atan.o(.constdata)
    atanlo                                   0x000031f0   Data          32  atan.o(.constdata)
    aTodd                                    0x00003210   Data          40  atan.o(.constdata)
    aTeven                                   0x00003238   Data          48  atan.o(.constdata)
    .constdata                               0x00003268   Section       48  cos_i.o(.constdata)
    C                                        0x00003268   Data          48  cos_i.o(.constdata)
    .constdata                               0x00003298   Section        8  qnan.o(.constdata)
    .constdata                               0x000032a0   Section      200  rred.o(.constdata)
    pio2s                                    0x000032a0   Data          48  rred.o(.constdata)
    twooverpi                                0x000032d0   Data         152  rred.o(.constdata)
    .constdata                               0x00003368   Section       40  sin_i.o(.constdata)
    S                                        0x00003368   Data          40  sin_i.o(.constdata)
    .constdata                               0x00003390   Section       64  ctype_c.o(.constdata)
    .data                                    0x20000000   Section      300  globalvariables.o(.data)
    .data                                    0x2000012c   Section        4  strtok.o(.data)
    state                                    0x2000012c   Data           4  strtok.o(.data)
    .data                                    0x20000130   Section        4  errno.o(.data)
    _errno                                   0x20000130   Data           4  errno.o(.data)
    .bss                                     0x20000138   Section      368  globalvariables.o(.bss)
    STACK                                    0x200002a8   Section      512  startup_tm4c123.o(STACK)

    Global Symbols

    Symbol Name                              Value     Ov Type        Size  Object(Section)

    BuildAttributes$$THM_ISAv4$E$P$D$K$B$S$7EM$PE$A:L22UL41UL21$X:L11$S22US41US21$IEEE1$IW$USESV6$~STKCKD$USESV7$~SHL$OTIME$ROPI$IEEEX$EBA8$MICROLIB$REQ8$PRES8$EABIv2 0x00000000   Number         0  anon$$obj.o ABSOLUTE
    __ARM_use_no_argv                        0x00000000   Number         0  main.o ABSOLUTE
    __Vectors                                0x00000000   Data           4  startup_tm4c123.o(RESET)
    _printf_a                                0x00000000   Number         0  stubs.o ABSOLUTE
    _printf_c                                0x00000000   Number         0  stubs.o ABSOLUTE
    _printf_charcount                        0x00000000   Number         0  stubs.o ABSOLUTE
    _printf_d                                0x00000000   Number         0  stubs.o ABSOLUTE
    _printf_e                                0x00000000   Number         0  stubs.o ABSOLUTE
    _printf_f                                0x00000000   Number         0  stubs.o ABSOLUTE
    _printf_flags                            0x00000000   Number         0  stubs.o ABSOLUTE
    _printf_fp_dec                           0x00000000   Number         0  stubs.o ABSOLUTE
    _printf_fp_hex                           0x00000000   Number         0  stubs.o ABSOLUTE
    _printf_g                                0x00000000   Number         0  stubs.o ABSOLUTE
    _printf_i                                0x00000000   Number         0  stubs.o ABSOLUTE
    _printf_int_dec                          0x00000000   Number         0  stubs.o ABSOLUTE
    _printf_l                                0x00000000   Number         0  stubs.o ABSOLUTE
    _printf_lc                               0x00000000   Number         0  stubs.o ABSOLUTE
    _printf_ll                               0x00000000   Number         0  stubs.o ABSOLUTE
    _printf_lld                              0x00000000   Number         0  stubs.o ABSOLUTE
    _printf_lli                              0x00000000   Number         0  stubs.o ABSOLUTE
    _printf_llo                              0x00000000   Number         0  stubs.o ABSOLUTE
    _printf_llu                              0x00000000   Number         0  stubs.o ABSOLUTE
    _printf_llx                              0x00000000   Number         0  stubs.o ABSOLUTE
    _printf_longlong_dec                     0x00000000   Number         0  stubs.o ABSOLUTE
    _printf_longlong_hex                     0x00000000   Number         0  stubs.o ABSOLUTE
    _printf_longlong_oct                     0x00000000   Number         0  stubs.o ABSOLUTE
    _printf_ls                               0x00000000   Number         0  stubs.o ABSOLUTE
    _printf_mbtowc                           0x00000000   Number         0  stubs.o ABSOLUTE
    _printf_n                                0x00000000   Number         0  stubs.o ABSOLUTE
    _printf_o                                0x00000000   Number         0  stubs.o ABSOLUTE
    _printf_p                                0x00000000   Number         0  stubs.o ABSOLUTE
    _printf_percent                          0x00000000   Number         0  stubs.o ABSOLUTE
    _printf_pre_padding                      0x00000000   Number         0  stubs.o ABSOLUTE
    _printf_return_value                     0x00000000   Number         0  stubs.o ABSOLUTE
    _printf_s                                0x00000000   Number         0  stubs.o ABSOLUTE
    _printf_sizespec                         0x00000000   Number         0  stubs.o ABSOLUTE
    _printf_str                              0x00000000   Number         0  stubs.o ABSOLUTE
    _printf_truncate_signed                  0x00000000   Number         0  stubs.o ABSOLUTE
    _printf_truncate_unsigned                0x00000000   Number         0  stubs.o ABSOLUTE
    _printf_u                                0x00000000   Number         0  stubs.o ABSOLUTE
    _printf_wc                               0x00000000   Number         0  stubs.o ABSOLUTE
    _printf_wctomb                           0x00000000   Number         0  stubs.o ABSOLUTE
    _printf_widthprec                        0x00000000   Number         0  stubs.o ABSOLUTE
    _printf_x                                0x00000000   Number         0  stubs.o ABSOLUTE
    __cpp_initialize__aeabi_                  - Undefined Weak Reference
    __cxa_finalize                            - Undefined Weak Reference
    _clock_init                               - Undefined Weak Reference
    _microlib_exit                            - Undefined Weak Reference
    __Vectors_End                            0x0000026c   Data           0  startup_tm4c123.o(RESET)
    __Vectors_Size                           0x0000026c   Number         0  startup_tm4c123.o ABSOLUTE
    __main                                   0x0000026d   Thumb Code     0  entry.o(.ARM.Collect$$$$00000000)
    _main_stk                                0x0000026d   Thumb Code     0  entry2.o(.ARM.Collect$$$$00000001)
    _main_scatterload                        0x00000271   Thumb Code     0  entry5.o(.ARM.Collect$$$$00000004)
    __main_after_scatterload                 0x00000275   Thumb Code     0  entry5.o(.ARM.Collect$$$$00000004)
    _main_clock                              0x00000275   Thumb Code     0  entry7b.o(.ARM.Collect$$$$00000008)
    _main_cpp_init                           0x00000275   Thumb Code     0  entry8b.o(.ARM.Collect$$$$0000000A)
    _main_init                               0x00000275   Thumb Code     0  entry9a.o(.ARM.Collect$$$$0000000B)
    __rt_final_cpp                           0x0000027d   Thumb Code     0  entry10a.o(.ARM.Collect$$$$0000000D)
    __rt_final_exit                          0x0000027d   Thumb Code     0  entry11a.o(.ARM.Collect$$$$0000000F)
    main                                     0x00000281   Thumb Code   128  main.o(.text)
    Reset_Handler                            0x0000032d   Thumb Code     4  startup_tm4c123.o(.text)
    NMI_Handler                              0x00000331   Thumb Code     2  startup_tm4c123.o(.text)
    HardFault_Handler                        0x00000333   Thumb Code     2  startup_tm4c123.o(.text)
    MemManage_Handler                        0x00000335   Thumb Code     2  startup_tm4c123.o(.text)
    BusFault_Handler                         0x00000337   Thumb Code     2  startup_tm4c123.o(.text)
    UsageFault_Handler                       0x00000339   Thumb Code     2  startup_tm4c123.o(.text)
    SVC_Handler                              0x0000033b   Thumb Code     2  startup_tm4c123.o(.text)
    DebugMon_Handler                         0x0000033d   Thumb Code     2  startup_tm4c123.o(.text)
    PendSV_Handler                           0x0000033f   Thumb Code     2  startup_tm4c123.o(.text)
    SysTick_Handler                          0x00000341   Thumb Code     2  startup_tm4c123.o(.text)
    GPIOA_Handler                            0x00000343   Thumb Code     2  startup_tm4c123.o(.text)
    GPIOB_Handler                            0x00000345   Thumb Code     2  startup_tm4c123.o(.text)
    GPIOC_Handler                            0x00000347   Thumb Code     2  startup_tm4c123.o(.text)
    GPIOD_Handler                            0x00000349   Thumb Code     2  startup_tm4c123.o(.text)
    GPIOE_Handler                            0x0000034b   Thumb Code     2  startup_tm4c123.o(.text)
    UART0_Handler                            0x0000034d   Thumb Code     2  startup_tm4c123.o(.text)
    UART1_Handler                            0x0000034f   Thumb Code     2  startup_tm4c123.o(.text)
    SSI0_Handler                             0x00000351   Thumb Code     2  startup_tm4c123.o(.text)
    I2C0_Handler                             0x00000353   Thumb Code     2  startup_tm4c123.o(.text)
    PMW0_FAULT_Handler                       0x00000355   Thumb Code     2  startup_tm4c123.o(.text)
    PWM0_0_Handler                           0x00000357   Thumb Code     2  startup_tm4c123.o(.text)
    PWM0_1_Handler                           0x00000359   Thumb Code     2  startup_tm4c123.o(.text)
    PWM0_2_Handler                           0x0000035b   Thumb Code     2  startup_tm4c123.o(.text)
    QEI0_Handler                             0x0000035d   Thumb Code     2  startup_tm4c123.o(.text)
    ADC0SS0_Handler                          0x0000035f   Thumb Code     2  startup_tm4c123.o(.text)
    ADC0SS1_Handler                          0x00000361   Thumb Code     2  startup_tm4c123.o(.text)
    ADC0SS2_Handler                          0x00000363   Thumb Code     2  startup_tm4c123.o(.text)
    ADC0SS3_Handler                          0x00000365   Thumb Code     2  startup_tm4c123.o(.text)
    WDT0_Handler                             0x00000367   Thumb Code     2  startup_tm4c123.o(.text)
    TIMER0A_Handler                          0x00000369   Thumb Code     2  startup_tm4c123.o(.text)
    TIMER0B_Handler                          0x0000036b   Thumb Code     2  startup_tm4c123.o(.text)
    TIMER1A_Handler                          0x0000036d   Thumb Code     2  startup_tm4c123.o(.text)
    TIMER1B_Handler                          0x0000036f   Thumb Code     2  startup_tm4c123.o(.text)
    TIMER2A_Handler                          0x00000371   Thumb Code     2  startup_tm4c123.o(.text)
    TIMER2B_Handler                          0x00000373   Thumb Code     2  startup_tm4c123.o(.text)
    COMP0_Handler                            0x00000375   Thumb Code     2  startup_tm4c123.o(.text)
    COMP1_Handler                            0x00000377   Thumb Code     2  startup_tm4c123.o(.text)
    COMP2_Handler                            0x00000379   Thumb Code     2  startup_tm4c123.o(.text)
    SYSCTL_Handler                           0x0000037b   Thumb Code     2  startup_tm4c123.o(.text)
    FLASH_Handler                            0x0000037d   Thumb Code     2  startup_tm4c123.o(.text)
    GPIOF_Handler                            0x0000037f   Thumb Code     2  startup_tm4c123.o(.text)
    GPIOG_Handler                            0x00000381   Thumb Code     2  startup_tm4c123.o(.text)
    GPIOH_Handler                            0x00000383   Thumb Code     2  startup_tm4c123.o(.text)
    UART2_Handler                            0x00000385   Thumb Code     2  startup_tm4c123.o(.text)
    SSI1_Handler                             0x00000387   Thumb Code     2  startup_tm4c123.o(.text)
    TIMER3A_Handler                          0x00000389   Thumb Code     2  startup_tm4c123.o(.text)
    TIMER3B_Handler                          0x0000038b   Thumb Code     2  startup_tm4c123.o(.text)
    I2C1_Handler                             0x0000038d   Thumb Code     2  startup_tm4c123.o(.text)
    QEI1_Handler                             0x0000038f   Thumb Code     2  startup_tm4c123.o(.text)
    CAN0_Handler                             0x00000391   Thumb Code     2  startup_tm4c123.o(.text)
    CAN1_Handler                             0x00000393   Thumb Code     2  startup_tm4c123.o(.text)
    CAN2_Handler                             0x00000395   Thumb Code     2  startup_tm4c123.o(.text)
    HIB_Handler                              0x00000397   Thumb Code     2  startup_tm4c123.o(.text)
    USB0_Handler                             0x00000399   Thumb Code     2  startup_tm4c123.o(.text)
    PWM0_3_Handler                           0x0000039b   Thumb Code     2  startup_tm4c123.o(.text)
    UDMA_Handler                             0x0000039d   Thumb Code     2  startup_tm4c123.o(.text)
    UDMAERR_Handler                          0x0000039f   Thumb Code     2  startup_tm4c123.o(.text)
    ADC1SS0_Handler                          0x000003a1   Thumb Code     2  startup_tm4c123.o(.text)
    ADC1SS1_Handler                          0x000003a3   Thumb Code     2  startup_tm4c123.o(.text)
    ADC1SS2_Handler                          0x000003a5   Thumb Code     2  startup_tm4c123.o(.text)
    ADC1SS3_Handler                          0x000003a7   Thumb Code     2  startup_tm4c123.o(.text)
    GPIOJ_Handler                            0x000003a9   Thumb Code     2  startup_tm4c123.o(.text)
    GPIOK_Handler                            0x000003ab   Thumb Code     2  startup_tm4c123.o(.text)
    GPIOL_Handler                            0x000003ad   Thumb Code     2  startup_tm4c123.o(.text)
    SSI2_Handler                             0x000003af   Thumb Code     2  startup_tm4c123.o(.text)
    SSI3_Handler                             0x000003b1   Thumb Code     2  startup_tm4c123.o(.text)
    UART3_Handler                            0x000003b3   Thumb Code     2  startup_tm4c123.o(.text)
    UART4_Handler                            0x000003b5   Thumb Code     2  startup_tm4c123.o(.text)
    UART5_Handler                            0x000003b7   Thumb Code     2  startup_tm4c123.o(.text)
    UART6_Handler                            0x000003b9   Thumb Code     2  startup_tm4c123.o(.text)
    UART7_Handler                            0x000003bb   Thumb Code     2  startup_tm4c123.o(.text)
    I2C2_Handler                             0x000003bd   Thumb Code     2  startup_tm4c123.o(.text)
    I2C3_Handler                             0x000003bf   Thumb Code     2  startup_tm4c123.o(.text)
    TIMER4A_Handler                          0x000003c1   Thumb Code     2  startup_tm4c123.o(.text)
    TIMER4B_Handler                          0x000003c3   Thumb Code     2  startup_tm4c123.o(.text)
    TIMER5A_Handler                          0x000003c5   Thumb Code     2  startup_tm4c123.o(.text)
    TIMER5B_Handler                          0x000003c7   Thumb Code     2  startup_tm4c123.o(.text)
    WTIMER0A_Handler                         0x000003c9   Thumb Code     2  startup_tm4c123.o(.text)
    WTIMER0B_Handler                         0x000003cb   Thumb Code     2  startup_tm4c123.o(.text)
    WTIMER1A_Handler                         0x000003cd   Thumb Code     2  startup_tm4c123.o(.text)
    WTIMER1B_Handler                         0x000003cf   Thumb Code     2  startup_tm4c123.o(.text)
    WTIMER2A_Handler                         0x000003d1   Thumb Code     2  startup_tm4c123.o(.text)
    WTIMER2B_Handler                         0x000003d3   Thumb Code     2  startup_tm4c123.o(.text)
    WTIMER3A_Handler                         0x000003d5   Thumb Code     2  startup_tm4c123.o(.text)
    WTIMER3B_Handler                         0x000003d7   Thumb Code     2  startup_tm4c123.o(.text)
    WTIMER4A_Handler                         0x000003d9   Thumb Code     2  startup_tm4c123.o(.text)
    WTIMER4B_Handler                         0x000003db   Thumb Code     2  startup_tm4c123.o(.text)
    WTIMER5A_Handler                         0x000003dd   Thumb Code     2  startup_tm4c123.o(.text)
    WTIMER5B_Handler                         0x000003df   Thumb Code     2  startup_tm4c123.o(.text)
    FPU_Handler                              0x000003e1   Thumb Code     2  startup_tm4c123.o(.text)
    I2C4_Handler                             0x000003e3   Thumb Code     2  startup_tm4c123.o(.text)
    I2C5_Handler                             0x000003e5   Thumb Code     2  startup_tm4c123.o(.text)
    GPIOM_Handler                            0x000003e7   Thumb Code     2  startup_tm4c123.o(.text)
    GPION_Handler                            0x000003e9   Thumb Code     2  startup_tm4c123.o(.text)
    QEI2_Handler                             0x000003eb   Thumb Code     2  startup_tm4c123.o(.text)
    GPIOP0_Handler                           0x000003ed   Thumb Code     2  startup_tm4c123.o(.text)
    GPIOP1_Handler                           0x000003ef   Thumb Code     2  startup_tm4c123.o(.text)
    GPIOP2_Handler                           0x000003f1   Thumb Code     2  startup_tm4c123.o(.text)
    GPIOP3_Handler                           0x000003f3   Thumb Code     2  startup_tm4c123.o(.text)
    GPIOP4_Handler                           0x000003f5   Thumb Code     2  startup_tm4c123.o(.text)
    GPIOP5_Handler                           0x000003f7   Thumb Code     2  startup_tm4c123.o(.text)
    GPIOP6_Handler                           0x000003f9   Thumb Code     2  startup_tm4c123.o(.text)
    GPIOP7_Handler                           0x000003fb   Thumb Code     2  startup_tm4c123.o(.text)
    GPIOQ0_Handler                           0x000003fd   Thumb Code     2  startup_tm4c123.o(.text)
    GPIOQ1_Handler                           0x000003ff   Thumb Code     2  startup_tm4c123.o(.text)
    GPIOQ2_Handler                           0x00000401   Thumb Code     2  startup_tm4c123.o(.text)
    GPIOQ3_Handler                           0x00000403   Thumb Code     2  startup_tm4c123.o(.text)
    GPIOQ4_Handler                           0x00000405   Thumb Code     2  startup_tm4c123.o(.text)
    GPIOQ5_Handler                           0x00000407   Thumb Code     2  startup_tm4c123.o(.text)
    GPIOQ6_Handler                           0x00000409   Thumb Code     2  startup_tm4c123.o(.text)
    GPIOQ7_Handler                           0x0000040b   Thumb Code     2  startup_tm4c123.o(.text)
    GPIOR_Handler                            0x0000040d   Thumb Code     2  startup_tm4c123.o(.text)
    GPIOS_Handler                            0x0000040f   Thumb Code     2  startup_tm4c123.o(.text)
    PMW1_0_Handler                           0x00000411   Thumb Code     2  startup_tm4c123.o(.text)
    PWM1_1_Handler                           0x00000413   Thumb Code     2  startup_tm4c123.o(.text)
    PWM1_2_Handler                           0x00000415   Thumb Code     2  startup_tm4c123.o(.text)
    PWM1_3_Handler                           0x00000417   Thumb Code     2  startup_tm4c123.o(.text)
    PWM1_FAULT_Handler                       0x00000419   Thumb Code     2  startup_tm4c123.o(.text)
    UART0_Init                               0x00000421   Thumb Code   128  uart0.o(.text)
    UART0_SendChar                           0x000004a1   Thumb Code    18  uart0.o(.text)
    UART0_SendString                         0x000004b3   Thumb Code    22  uart0.o(.text)
    UART0_SendNumber                         0x000004c9   Thumb Code    84  uart0.o(.text)
    UART0_SendDouble                         0x0000051d   Thumb Code   138  uart0.o(.text)
    UART5_Init                               0x000005c1   Thumb Code   166  uart5.o(.text)
    UART5_read                               0x00000667   Thumb Code    22  uart5.o(.text)
    GPSbufferUpdate                          0x00000691   Thumb Code    72  gps.o(.text)
    degreeToDecimal                          0x000006d9   Thumb Code    98  gps.o(.text)
    PortFF_Int                               0x0000073b   Thumb Code   132  gps.o(.text)
    readNewDataFromGPS                       0x000007bf   Thumb Code   340  gps.o(.text)
    UART3_Init                               0x00000985   Thumb Code   154  uart3.o(.text)
    UART3_SendByte                           0x00000a1f   Thumb Code    18  uart3.o(.text)
    LCD_EnablePulse                          0x00000a45   Thumb Code    48  lcd.o(.text)
    LCD_SetData                              0x00000a75   Thumb Code   118  lcd.o(.text)
    LCD_Command                              0x00000aeb   Thumb Code    64  lcd.o(.text)
    LCD_WriteChar                            0x00000b2b   Thumb Code    64  lcd.o(.text)
    LCD_Init                                 0x00000b6b   Thumb Code   206  lcd.o(.text)
    LCD_WriteWord                            0x00000c39   Thumb Code    22  lcd.o(.text)
    LCD_Clear                                0x00000c4f   Thumb Code    16  lcd.o(.text)
    LCD_NewLine                              0x00000c5f   Thumb Code    10  lcd.o(.text)
    LCD_WriteDouble                          0x00000c69   Thumb Code    30  lcd.o(.text)
    UART1_Init                               0x00000cb9   Thumb Code   140  mp3.o(.text)
    MP3_SendCommand                          0x00000d45   Thumb Code   114  mp3.o(.text)
    MP3_PlayBuilding                         0x00000db7   Thumb Code    24  mp3.o(.text)
    SysTick_Init                             0x00000de9   Thumb Code    24  systick.o(.text)
    DelayMs                                  0x00000e01   Thumb Code    26  systick.o(.text)
    degToRad                                 0x00000e1d   Thumb Code    20  distance.o(.text)
    haversine                                0x00000e31   Thumb Code   370  distance.o(.text)
    calculateDistances                       0x00000fa3   Thumb Code   116  distance.o(.text)
    findNearestBuildingIndex                 0x00001017   Thumb Code    58  distance.o(.text)
    strcmp                                   0x0000107d   Thumb Code    28  strcmp.o(.text)
    strcpy                                   0x00001099   Thumb Code    18  strcpy.o(.text)
    strtok                                   0x000010ad   Thumb Code    62  strtok.o(.text)
    __aeabi_dadd                             0x000010f1   Thumb Code   322  dadd.o(.text)
    __aeabi_dsub                             0x00001233   Thumb Code     6  dadd.o(.text)
    __aeabi_drsub                            0x00001239   Thumb Code     6  dadd.o(.text)
    __aeabi_dmul                             0x0000123f   Thumb Code   228  dmul.o(.text)
    __aeabi_ddiv                             0x00001323   Thumb Code   222  ddiv.o(.text)
    __aeabi_i2d                              0x00001401   Thumb Code    34  dflti.o(.text)
    __aeabi_d2iz                             0x00001423   Thumb Code    62  dfixi.o(.text)
    __aeabi_cdcmpeq                          0x00001461   Thumb Code     0  cdcmple.o(.text)
    __aeabi_cdcmple                          0x00001461   Thumb Code    38  cdcmple.o(.text)
    __aeabi_uidiv                            0x00001489   Thumb Code     0  uidiv.o(.text)
    __aeabi_uidivmod                         0x00001489   Thumb Code    44  uidiv.o(.text)
    __aeabi_uldivmod                         0x000014b5   Thumb Code    98  uldiv.o(.text)
    __aeabi_llsl                             0x00001517   Thumb Code    30  llshl.o(.text)
    _ll_shift_l                              0x00001517   Thumb Code     0  llshl.o(.text)
    __aeabi_llsr                             0x00001535   Thumb Code    32  llushr.o(.text)
    _ll_ushift_r                             0x00001535   Thumb Code     0  llushr.o(.text)
    __aeabi_lasr                             0x00001555   Thumb Code    36  llsshr.o(.text)
    _ll_sshift_r                             0x00001555   Thumb Code     0  llsshr.o(.text)
    __strtod_int                             0x000015af   Thumb Code    88  strtod.o(.text)
    __I$use$fp                               0x00001615   Thumb Code     0  iusefp.o(.text)
    _double_round                            0x00001615   Thumb Code    26  depilogue.o(.text)
    _double_epilogue                         0x0000162f   Thumb Code   164  depilogue.o(.text)
    __ARM_scalbn                             0x000016d3   Thumb Code    46  dscalb.o(.text)
    scalbn                                   0x000016d3   Thumb Code     0  dscalb.o(.text)
    _dsqrt                                   0x00001701   Thumb Code   162  dsqrt.o(.text)
    __aeabi_d2ulz                            0x000017a3   Thumb Code    48  dfixul.o(.text)
    __aeabi_cdrcmple                         0x000017d5   Thumb Code    38  cdrcmple.o(.text)
    __scatterload                            0x000017fd   Thumb Code    28  init.o(.text)
    __scatterload_rt2                        0x000017fd   Thumb Code     0  init.o(.text)
    isspace                                  0x00001821   Thumb Code    10  isspace_c.o(.text)
    _scanf_real                              0x0000192d   Thumb Code     0  scanf_fp.o(.text)
    _scanf_really_real                       0x0000192d   Thumb Code   560  scanf_fp.o(.text)
    _sgetc                                   0x00001b69   Thumb Code    30  _sgetc.o(.text)
    _sbackspace                              0x00001b87   Thumb Code    34  _sgetc.o(.text)
    __aeabi_ui2d                             0x00001ba9   Thumb Code    26  dfltui.o(.text)
    __ctype_lookup                           0x00001bc5   Thumb Code    34  ctype_c.o(.text)
    __aeabi_ul2d                             0x00001bed   Thumb Code    24  dfltul.o(.text)
    __aeabi_d2f                              0x00001c05   Thumb Code    56  d2f.o(.text)
    _float_round                             0x00001c3d   Thumb Code    18  fepilogue.o(.text)
    _float_epilogue                          0x00001c4f   Thumb Code    90  fepilogue.o(.text)
    __decompress                             0x00001ca9   Thumb Code     0  __dczerorl2.o(.text)
    __decompress1                            0x00001ca9   Thumb Code    92  __dczerorl2.o(.text)
    __0sprintf                               0x00001d05   Thumb Code    34  printfa.o(i.__0sprintf)
    __1sprintf                               0x00001d05   Thumb Code     0  printfa.o(i.__0sprintf)
    __2sprintf                               0x00001d05   Thumb Code     0  printfa.o(i.__0sprintf)
    __c89sprintf                             0x00001d05   Thumb Code     0  printfa.o(i.__0sprintf)
    sprintf                                  0x00001d05   Thumb Code     0  printfa.o(i.__0sprintf)
    __ARM_fpclassify                         0x00001d2d   Thumb Code    40  fpclassify.o(i.__ARM_fpclassify)
    __ieee754_rem_pio2                       0x00001d55   Thumb Code   832  rred.o(i.__ieee754_rem_pio2)
    __kernel_cos                             0x000020dd   Thumb Code   230  cos_i.o(i.__kernel_cos)
    __kernel_poly                            0x000021d9   Thumb Code   170  poly.o(i.__kernel_poly)
    __kernel_sin                             0x00002285   Thumb Code   224  sin_i.o(i.__kernel_sin)
    __mathlib_dbl_underflow                  0x00002371   Thumb Code    10  dunder.o(i.__mathlib_dbl_underflow)
    __scatterload_copy                       0x00002381   Thumb Code    14  handlers.o(i.__scatterload_copy)
    __scatterload_null                       0x0000238f   Thumb Code     2  handlers.o(i.__scatterload_null)
    __scatterload_zeroinit                   0x00002391   Thumb Code    14  handlers.o(i.__scatterload_zeroinit)
    __set_errno                              0x000023a1   Thumb Code     6  errno.o(i.__set_errno)
    _is_digit                                0x00002509   Thumb Code    14  scanf_fp.o(i._is_digit)
    atan                                     0x00002c69   Thumb Code   478  atan.o(i.atan)
    atan2                                    0x00002e8d   Thumb Code   346  atan2.o(i.atan2)
    cos                                      0x0000300d   Thumb Code   164  cos.o(i.cos)
    sin                                      0x000030b9   Thumb Code   166  sin.o(i.sin)
    sqrt                                     0x00003169   Thumb Code    76  sqrt.o(i.sqrt)
    strtod                                   0x000031b5   Thumb Code    28  strtod.o(i.strtod)
    __mathlib_zero                           0x00003298   Data           8  qnan.o(.constdata)
    __ctype_categories                       0x00003390   Data          64  ctype_c.o(.constdata)
    Region$$Table$$Base                      0x000033d0   Number         0  anon$$obj.o(Region$$Table)
    Region$$Table$$Limit                     0x000033f0   Number         0  anon$$obj.o(Region$$Table)
    fixed                                    0x20000000   Data           4  globalvariables.o(.data)
    buffer6                                  0x20000004   Data           7  globalvariables.o(.data)
    latitude                                 0x20000010   Data           8  globalvariables.o(.data)
    longitude                                0x20000018   Data           8  globalvariables.o(.data)
    nearestIndex                             0x20000020   Data           4  globalvariables.o(.data)
    buildingnames                            0x20000024   Data         128  globalvariables.o(.data)
    buildings                                0x200000a8   Data         128  globalvariables.o(.data)
    numBuildings                             0x20000128   Data           4  globalvariables.o(.data)
    buffer                                   0x20000138   Data         100  globalvariables.o(.bss)
    GPGGAbuffer                              0x2000019c   Data         100  globalvariables.o(.bss)
    GPGGALine                                0x20000200   Data         100  globalvariables.o(.bss)
    distances                                0x20000268   Data          64  globalvariables.o(.bss)
    __initial_sp                             0x200004a8   Data           0  startup_tm4c123.o(STACK)



==============================================================================

Memory Map of the image

  Image Entry point : 0x0000032d

  Load Region LR_1 (Base: 0x00000000, Size: 0x00003524, Max: 0xffffffff, ABSOLUTE, COMPRESSED[0x000034ac])

    Execution Region ER_RO (Base: 0x00000000, Size: 0x000033f0, Max: 0xffffffff, ABSOLUTE)

    Base Addr    Size         Type   Attr      Idx    E Section Name        Object

    0x00000000   0x0000026c   Data   RO           65    RESET               startup_tm4c123.o
    0x0000026c   0x00000000   Code   RO          226  * .ARM.Collect$$$$00000000  mc_w.l(entry.o)
    0x0000026c   0x00000004   Code   RO          537    .ARM.Collect$$$$00000001  mc_w.l(entry2.o)
    0x00000270   0x00000004   Code   RO          540    .ARM.Collect$$$$00000004  mc_w.l(entry5.o)
    0x00000274   0x00000000   Code   RO          542    .ARM.Collect$$$$00000008  mc_w.l(entry7b.o)
    0x00000274   0x00000000   Code   RO          544    .ARM.Collect$$$$0000000A  mc_w.l(entry8b.o)
    0x00000274   0x00000008   Code   RO          545    .ARM.Collect$$$$0000000B  mc_w.l(entry9a.o)
    0x0000027c   0x00000000   Code   RO          547    .ARM.Collect$$$$0000000D  mc_w.l(entry10a.o)
    0x0000027c   0x00000000   Code   RO          549    .ARM.Collect$$$$0000000F  mc_w.l(entry11a.o)
    0x0000027c   0x00000004   Code   RO          538    .ARM.Collect$$$$00002712  mc_w.l(entry2.o)
    0x00000280   0x000000ac   Code   RO            1    .text               main.o
    0x0000032c   0x000000f4   Code   RO           66  * .text               startup_tm4c123.o
    0x00000420   0x000001a0   Code   RO           71    .text               uart0.o
    0x000005c0   0x000000d0   Code   RO           83    .text               uart5.o
    0x00000690   0x000002f4   Code   RO           95    .text               gps.o
    0x00000984   0x000000c0   Code   RO          107    .text               uart3.o
    0x00000a44   0x00000274   Code   RO          119    .text               lcd.o
    0x00000cb8   0x00000130   Code   RO          135    .text               mp3.o
    0x00000de8   0x00000032   Code   RO          147    .text               systick.o
    0x00000e1a   0x00000002   PAD
    0x00000e1c   0x00000260   Code   RO          172    .text               distance.o
    0x0000107c   0x0000001c   Code   RO          229    .text               mc_w.l(strcmp.o)
    0x00001098   0x00000012   Code   RO          231    .text               mc_w.l(strcpy.o)
    0x000010aa   0x00000002   PAD
    0x000010ac   0x00000044   Code   RO          233    .text               mc_w.l(strtok.o)
    0x000010f0   0x0000014e   Code   RO          500    .text               mf_w.l(dadd.o)
    0x0000123e   0x000000e4   Code   RO          502    .text               mf_w.l(dmul.o)
    0x00001322   0x000000de   Code   RO          504    .text               mf_w.l(ddiv.o)
    0x00001400   0x00000022   Code   RO          506    .text               mf_w.l(dflti.o)
    0x00001422   0x0000003e   Code   RO          508    .text               mf_w.l(dfixi.o)
    0x00001460   0x00000028   Code   RO          510    .text               mf_w.l(cdcmple.o)
    0x00001488   0x0000002c   Code   RO          554    .text               mc_w.l(uidiv.o)
    0x000014b4   0x00000062   Code   RO          556    .text               mc_w.l(uldiv.o)
    0x00001516   0x0000001e   Code   RO          558    .text               mc_w.l(llshl.o)
    0x00001534   0x00000020   Code   RO          560    .text               mc_w.l(llushr.o)
    0x00001554   0x00000024   Code   RO          562    .text               mc_w.l(llsshr.o)
    0x00001578   0x0000009c   Code   RO          571    .text               mc_w.l(strtod.o)
    0x00001614   0x00000000   Code   RO          573    .text               mc_w.l(iusefp.o)
    0x00001614   0x000000be   Code   RO          574    .text               mf_w.l(depilogue.o)
    0x000016d2   0x0000002e   Code   RO          576    .text               mf_w.l(dscalb.o)
    0x00001700   0x000000a2   Code   RO          578    .text               mf_w.l(dsqrt.o)
    0x000017a2   0x00000030   Code   RO          580    .text               mf_w.l(dfixul.o)
    0x000017d2   0x00000002   PAD
    0x000017d4   0x00000028   Code   RO          582    .text               mf_w.l(cdrcmple.o)
    0x000017fc   0x00000024   Code   RO          590    .text               mc_w.l(init.o)
    0x00001820   0x0000000a   Code   RO          593    .text               mc_w.l(isspace_c.o)
    0x0000182a   0x00000002   PAD
    0x0000182c   0x0000033c   Code   RO          595    .text               mc_w.l(scanf_fp.o)
    0x00001b68   0x00000040   Code   RO          599    .text               mc_w.l(_sgetc.o)
    0x00001ba8   0x0000001a   Code   RO          602    .text               mf_w.l(dfltui.o)
    0x00001bc2   0x00000002   PAD
    0x00001bc4   0x00000028   Code   RO          604    .text               mc_w.l(ctype_c.o)
    0x00001bec   0x00000018   Code   RO          607    .text               mf_w.l(dfltul.o)
    0x00001c04   0x00000038   Code   RO          609    .text               mf_w.l(d2f.o)
    0x00001c3c   0x0000006c   Code   RO          611    .text               mf_w.l(fepilogue.o)
    0x00001ca8   0x0000005c   Code   RO          621    .text               mc_w.l(__dczerorl2.o)
    0x00001d04   0x00000028   Code   RO          474    i.__0sprintf        mc_w.l(printfa.o)
    0x00001d2c   0x00000028   Code   RO          586    i.__ARM_fpclassify  m_ws.l(fpclassify.o)
    0x00001d54   0x00000388   Code   RO          526    i.__ieee754_rem_pio2  m_ws.l(rred.o)
    0x000020dc   0x000000fc   Code   RO          522    i.__kernel_cos      m_ws.l(cos_i.o)
    0x000021d8   0x000000aa   Code   RO          588    i.__kernel_poly     m_ws.l(poly.o)
    0x00002282   0x00000002   PAD
    0x00002284   0x000000ec   Code   RO          531    i.__kernel_sin      m_ws.l(sin_i.o)
    0x00002370   0x00000010   Code   RO          584    i.__mathlib_dbl_underflow  m_ws.l(dunder.o)
    0x00002380   0x0000000e   Code   RO          615    i.__scatterload_copy  mc_w.l(handlers.o)
    0x0000238e   0x00000002   Code   RO          616    i.__scatterload_null  mc_w.l(handlers.o)
    0x00002390   0x0000000e   Code   RO          617    i.__scatterload_zeroinit  mc_w.l(handlers.o)
    0x0000239e   0x00000002   PAD
    0x000023a0   0x0000000c   Code   RO          566    i.__set_errno       mc_w.l(errno.o)
    0x000023ac   0x0000015c   Code   RO          479    i._fp_digits        mc_w.l(printfa.o)
    0x00002508   0x0000000e   Code   RO          597    i._is_digit         mc_w.l(scanf_fp.o)
    0x00002516   0x00000002   PAD
    0x00002518   0x000006f0   Code   RO          480    i._printf_core      mc_w.l(printfa.o)
    0x00002c08   0x00000026   Code   RO          481    i._printf_post_padding  mc_w.l(printfa.o)
    0x00002c2e   0x00000030   Code   RO          482    i._printf_pre_padding  mc_w.l(printfa.o)
    0x00002c5e   0x0000000a   Code   RO          484    i._sputc            mc_w.l(printfa.o)
    0x00002c68   0x00000224   Code   RO          513    i.atan              m_ws.l(atan.o)
    0x00002e8c   0x00000180   Code   RO          191    i.atan2             m_ws.l(atan2.o)
    0x0000300c   0x000000ac   Code   RO          199    i.cos               m_ws.l(cos.o)
    0x000030b8   0x000000b0   Code   RO          207    i.sin               m_ws.l(sin.o)
    0x00003168   0x0000004c   Code   RO          215    i.sqrt              m_ws.l(sqrt.o)
    0x000031b4   0x0000001c   Code   RO          223    i.strtod            m_ws.l(strtod.o)
    0x000031d0   0x00000098   Data   RO          514    .constdata          m_ws.l(atan.o)
    0x00003268   0x00000030   Data   RO          523    .constdata          m_ws.l(cos_i.o)
    0x00003298   0x00000008   Data   RO          525    .constdata          m_ws.l(qnan.o)
    0x000032a0   0x000000c8   Data   RO          528    .constdata          m_ws.l(rred.o)
    0x00003368   0x00000028   Data   RO          532    .constdata          m_ws.l(sin_i.o)
    0x00003390   0x00000040   Data   RO          605    .constdata          mc_w.l(ctype_c.o)
    0x000033d0   0x00000020   Data   RO          613    Region$$Table       anon$$obj.o


    Execution Region ER_RW (Base: 0x20000000, Size: 0x00000134, Max: 0xffffffff, ABSOLUTE, COMPRESSED[0x000000bc])

    Base Addr    Size         Type   Attr      Idx    E Section Name        Object

    0x20000000   0x0000012c   Data   RW          160    .data               globalvariables.o
    0x2000012c   0x00000004   Data   RW          234    .data               mc_w.l(strtok.o)
    0x20000130   0x00000004   Data   RW          567    .data               mc_w.l(errno.o)


    Execution Region ER_ZI (Base: 0x20000134, Size: 0x00000374, Max: 0xffffffff, ABSOLUTE)

    Base Addr    Size         Type   Attr      Idx    E Section Name        Object

    0x20000134   0x00000004   PAD
    0x20000138   0x00000170   Zero   RW          159    .bss                globalvariables.o
    0x200002a8   0x00000200   Zero   RW           63    STACK               startup_tm4c123.o


==============================================================================

Image component sizes


      Code (inc. data)   RO Data    RW Data    ZI Data      Debug   Object Name

       608         44          0          0          0       1653   distance.o
         0          0          0        300        368        984   globalvariables.o
       756        114          0          0          0       1296   gps.o
       628         50          0          0          0       1869   lcd.o
       172         44          0          0          0       4715   main.o
       304         26          0          0          0        934   mp3.o
       244          6        620          0        512       5356   startup_tm4c123.o
        50          0          0          0          0        611   systick.o
       416         26          0          0          0       1415   uart0.o
       192         20          0          0          0        572   uart3.o
       208         20          0          0          0        620   uart5.o

    ----------------------------------------------------------------------
      3580        350        652        300        880      20025   Object Totals
         0          0         32          0          0          0   (incl. Generated)
         2          0          0          0          0          0   (incl. Padding)

    ----------------------------------------------------------------------

      Code (inc. data)   RO Data    RW Data    ZI Data      Debug   Library Member Name

       548         70        152          0          0        124   atan.o
       384         38          0          0          0        144   atan2.o
       172          8          0          0          0        112   cos.o
       252         22         48          0          0        124   cos_i.o
        16          6          0          0          0         68   dunder.o
        40          0          0          0          0         68   fpclassify.o
       170          0          0          0          0         96   poly.o
         0          0          8          0          0          0   qnan.o
       904         72        200          0          0        140   rred.o
       176         10          0          0          0        116   sin.o
       236         12         40          0          0        128   sin_i.o
        76          0          0          0          0         84   sqrt.o
        28          0          0          0          0         80   strtod.o
        92          0          0          0          0          0   __dczerorl2.o
        64          0          0          0          0         84   _sgetc.o
        40          6         64          0          0         68   ctype_c.o
         0          0          0          0          0          0   entry.o
         0          0          0          0          0          0   entry10a.o
         0          0          0          0          0          0   entry11a.o
         8          4          0          0          0          0   entry2.o
         4          0          0          0          0          0   entry5.o
         0          0          0          0          0          0   entry7b.o
         0          0          0          0          0          0   entry8b.o
         8          4          0          0          0          0   entry9a.o
        12          6          0          4          0         68   errno.o
        30          0          0          0          0          0   handlers.o
        36          8          0          0          0         68   init.o
        10          0          0          0          0         68   isspace_c.o
         0          0          0          0          0          0   iusefp.o
        30          0          0          0          0         68   llshl.o
        36          0          0          0          0         68   llsshr.o
        32          0          0          0          0         68   llushr.o
      2260         86          0          0          0        512   printfa.o
       842         12          0          0          0        216   scanf_fp.o
        28          0          0          0          0         76   strcmp.o
        18          0          0          0          0         68   strcpy.o
       156         14          0          0          0        120   strtod.o
        68          6          0          4          0         80   strtok.o
        44          0          0          0          0         80   uidiv.o
        98          0          0          0          0         92   uldiv.o
        40          2          0          0          0         68   cdcmple.o
        40          2          0          0          0         68   cdrcmple.o
        56          0          0          0          0         88   d2f.o
       334          0          0          0          0        148   dadd.o
       222          0          0          0          0        100   ddiv.o
       190          0          0          0          0        176   depilogue.o
        62          0          0          0          0         80   dfixi.o
        48          0          0          0          0         68   dfixul.o
        34          0          0          0          0         76   dflti.o
        26          0          0          0          0         76   dfltui.o
        24          0          0          0          0         76   dfltul.o
       228          0          0          0          0         96   dmul.o
        46          0          0          0          0         80   dscalb.o
       162          0          0          0          0        100   dsqrt.o
       108          0          0          0          0        168   fepilogue.o

    ----------------------------------------------------------------------
      8552        388        512          8          4       4556   Library Totals
        14          0          0          0          4          0   (incl. Padding)

    ----------------------------------------------------------------------

      Code (inc. data)   RO Data    RW Data    ZI Data      Debug   Library Name

      3002        238        448          0          0       1284   m_ws.l
      3916        146         64          8          0       1804   mc_w.l
      1620          4          0          0          0       1468   mf_w.l

    ----------------------------------------------------------------------
      8552        388        512          8          4       4556   Library Totals

    ----------------------------------------------------------------------

==============================================================================


      Code (inc. data)   RO Data    RW Data    ZI Data      Debug   

     12132        738       1164        308        884      21513   Grand Totals
     12132        738       1164        188        884      21513   ELF Image Totals (compressed)
     12132        738       1164        188          0          0   ROM Totals

==============================================================================

    Total RO  Size (Code + RO Data)                13296 (  12.98kB)
    Total RW  Size (RW Data + ZI Data)              1192 (   1.16kB)
    Total ROM Size (Code + RO Data + RW Data)      13484 (  13.17kB)

==============================================================================

