<html>
<body>
<pre>
<h1>µVision Build Log</h1>
<h2>Project:</h2>
C:\Users\golde\OneDrive\Desktop\labs\labs\Final project\lab4.uvproj
Project File Date:  05/10/2025

<h2>Output:</h2>
Rebuild target 'Target 1'
compiling main.c...
assembling startup_TM4C123.s...
compiling uart0.c...
compiling uart5.c...
compiling gps.c...
compiling uart3.c...
compiling lcd.c...
compiling mp3.c...
compiling systick.c...
compiling globalVariables.c...
compiling distance.c...
compiling portf.c...
linking...
Program Size: Code=12132 RO-data=1164 RW-data=308 ZI-data=884  
".\lab4.axf" - 0 Error(s), 0 Warning(s).
Load "C:\\Users\\golde\\OneDrive\\Desktop\\labs\\labs\\Final project\\lab4.axf" 
Connecting: Mode=JTAG, Speed=1000000Hz
Erase Done.
Programming Done.
Verify OK.
